Mono path[0] = '/opt/clonehero/clonehero_Data/Managed'
Mono config path = '/opt/clonehero/clonehero_Data/MonoBleedingEdge/etc'
Preloaded 'NativeNamedPipe.so'
Preloaded 'libNativeFilePicker.so'
Preloaded 'libRtMidi.so'
Preloaded 'libbass.so'
Preloaded 'libbass_fx.so'
Preloaded 'libbassmix.so'
Preloaded 'libbassopus.so'
Preloaded 'libslimage.so'
Display 0 'DP-1 27"': 3168x1782 (primary device).
Display 1 'DP-2 28"': 3840x2160 (secondary device).
Desktop is 3168 x 1782 @ 165 Hz
[Vulkan init] extensions: count=24
[Vulkan init] extensions: name=VK_KHR_device_group_creation, enabled=0
[Vulkan init] extensions: name=VK_KHR_display, enabled=1
[Vulkan init] extensions: name=VK_KHR_external_fence_capabilities, enabled=0
[Vulkan init] extensions: name=VK_KHR_external_memory_capabilities, enabled=0
[Vulkan init] extensions: name=VK_KHR_external_semaphore_capabilities, enabled=0
[Vulkan init] extensions: name=VK_KHR_get_display_properties2, enabled=0
[Vulkan init] extensions: name=VK_KHR_get_physical_device_properties2, enabled=1
[Vulkan init] extensions: name=VK_KHR_get_surface_capabilities2, enabled=0
[Vulkan init] extensions: name=VK_KHR_surface, enabled=1
[Vulkan init] extensions: name=VK_KHR_surface_protected_capabilities, enabled=0
[Vulkan init] extensions: name=VK_KHR_wayland_surface, enabled=1
[Vulkan init] extensions: name=VK_KHR_xcb_surface, enabled=0
[Vulkan init] extensions: name=VK_KHR_xlib_surface, enabled=1
[Vulkan init] extensions: name=VK_EXT_acquire_drm_display, enabled=0
[Vulkan init] extensions: name=VK_EXT_acquire_xlib_display, enabled=0
[Vulkan init] extensions: name=VK_EXT_debug_report, enabled=0
[Vulkan init] extensions: name=VK_EXT_debug_utils, enabled=0
[Vulkan init] extensions: name=VK_EXT_direct_mode_display, enabled=0
[Vulkan init] extensions: name=VK_EXT_display_surface_counter, enabled=0
[Vulkan init] extensions: name=VK_EXT_surface_maintenance1, enabled=0
[Vulkan init] extensions: name=VK_EXT_swapchain_colorspace, enabled=1
[Vulkan init] extensions: name=VK_NV_display_stereo, enabled=0
[Vulkan init] extensions: name=VK_KHR_portability_enumeration, enabled=0
[Vulkan init] extensions: name=VK_LUNARG_direct_driver_loading, enabled=0
Vulkan detection: 2
Initialize engine version: 2021.3.14f1 (eee1884e7226)
[Subsystems] Discovering subsystems at path /opt/clonehero/clonehero_Data/UnitySubsystems
Forcing GfxDevice: Vulkan
GfxDevice: creating device client; threaded=1; jobified=0
[Vulkan init] extensions: count=24
[Vulkan init] extensions: name=VK_KHR_device_group_creation, enabled=0
[Vulkan init] extensions: name=VK_KHR_display, enabled=1
[Vulkan init] extensions: name=VK_KHR_external_fence_capabilities, enabled=0
[Vulkan init] extensions: name=VK_KHR_external_memory_capabilities, enabled=0
[Vulkan init] extensions: name=VK_KHR_external_semaphore_capabilities, enabled=0
[Vulkan init] extensions: name=VK_KHR_get_display_properties2, enabled=0
[Vulkan init] extensions: name=VK_KHR_get_physical_device_properties2, enabled=1
[Vulkan init] extensions: name=VK_KHR_get_surface_capabilities2, enabled=0
[Vulkan init] extensions: name=VK_KHR_surface, enabled=1
[Vulkan init] extensions: name=VK_KHR_surface_protected_capabilities, enabled=0
[Vulkan init] extensions: name=VK_KHR_wayland_surface, enabled=1
[Vulkan init] extensions: name=VK_KHR_xcb_surface, enabled=0
[Vulkan init] extensions: name=VK_KHR_xlib_surface, enabled=1
[Vulkan init] extensions: name=VK_EXT_acquire_drm_display, enabled=0
[Vulkan init] extensions: name=VK_EXT_acquire_xlib_display, enabled=0
[Vulkan init] extensions: name=VK_EXT_debug_report, enabled=0
[Vulkan init] extensions: name=VK_EXT_debug_utils, enabled=0
[Vulkan init] extensions: name=VK_EXT_direct_mode_display, enabled=0
[Vulkan init] extensions: name=VK_EXT_display_surface_counter, enabled=0
[Vulkan init] extensions: name=VK_EXT_surface_maintenance1, enabled=0
[Vulkan init] extensions: name=VK_EXT_swapchain_colorspace, enabled=1
[Vulkan init] extensions: name=VK_NV_display_stereo, enabled=0
[Vulkan init] extensions: name=VK_KHR_portability_enumeration, enabled=0
[Vulkan init] extensions: name=VK_LUNARG_direct_driver_loading, enabled=0
[Vulkan init] SelectPhysicalDevice requestedDeviceIndex=-1 xrDevice=(nil)
[Vulkan init] Physical Device 0x38cd6bc0 [0]: "NVIDIA GeForce RTX 3060" deviceType=2 vendorID=10de deviceID=2504
[Vulkan init] Selected physical device 0x38cd6bc0
[Vulkan init] Graphics queue count=1
[Vulkan init] extensions: count=251
[Vulkan init] extensions: name=VK_KHR_16bit_storage, enabled=1
[Vulkan init] extensions: name=VK_KHR_8bit_storage, enabled=0
[Vulkan init] extensions: name=VK_KHR_acceleration_structure, enabled=0
[Vulkan init] extensions: name=VK_KHR_bind_memory2, enabled=0
[Vulkan init] extensions: name=VK_KHR_buffer_device_address, enabled=0
[Vulkan init] extensions: name=VK_KHR_calibrated_timestamps, enabled=0
[Vulkan init] extensions: name=VK_KHR_compute_shader_derivatives, enabled=0
[Vulkan init] extensions: name=VK_KHR_cooperative_matrix, enabled=0
[Vulkan init] extensions: name=VK_KHR_copy_commands2, enabled=0
[Vulkan init] extensions: name=VK_KHR_create_renderpass2, enabled=1
[Vulkan init] extensions: name=VK_KHR_dedicated_allocation, enabled=1
[Vulkan init] extensions: name=VK_KHR_deferred_host_operations, enabled=0
[Vulkan init] extensions: name=VK_KHR_depth_clamp_zero_one, enabled=0
[Vulkan init] extensions: name=VK_KHR_depth_stencil_resolve, enabled=1
[Vulkan init] extensions: name=VK_KHR_descriptor_update_template, enabled=1
[Vulkan init] extensions: name=VK_KHR_device_group, enabled=0
[Vulkan init] extensions: name=VK_KHR_draw_indirect_count, enabled=0
[Vulkan init] extensions: name=VK_KHR_driver_properties, enabled=0
[Vulkan init] extensions: name=VK_KHR_dynamic_rendering, enabled=0
[Vulkan init] extensions: name=VK_KHR_dynamic_rendering_local_read, enabled=0
[Vulkan init] extensions: name=VK_KHR_external_fence, enabled=0
[Vulkan init] extensions: name=VK_KHR_external_fence_fd, enabled=0
[Vulkan init] extensions: name=VK_KHR_external_memory, enabled=0
[Vulkan init] extensions: name=VK_KHR_external_memory_fd, enabled=0
[Vulkan init] extensions: name=VK_KHR_external_semaphore, enabled=0
[Vulkan init] extensions: name=VK_KHR_external_semaphore_fd, enabled=0
[Vulkan init] extensions: name=VK_KHR_format_feature_flags2, enabled=0
[Vulkan init] extensions: name=VK_KHR_fragment_shader_barycentric, enabled=0
[Vulkan init] extensions: name=VK_KHR_fragment_shading_rate, enabled=0
[Vulkan init] extensions: name=VK_KHR_get_memory_requirements2, enabled=1
[Vulkan init] extensions: name=VK_KHR_global_priority, enabled=0
[Vulkan init] extensions: name=VK_KHR_image_format_list, enabled=1
[Vulkan init] extensions: name=VK_KHR_imageless_framebuffer, enabled=0
[Vulkan init] extensions: name=VK_KHR_incremental_present, enabled=0
[Vulkan init] extensions: name=VK_KHR_index_type_uint8, enabled=0
[Vulkan init] extensions: name=VK_KHR_line_rasterization, enabled=0
[Vulkan init] extensions: name=VK_KHR_load_store_op_none, enabled=0
[Vulkan init] extensions: name=VK_KHR_maintenance1, enabled=1
[Vulkan init] extensions: name=VK_KHR_maintenance2, enabled=1
[Vulkan init] extensions: name=VK_KHR_maintenance3, enabled=0
[Vulkan init] extensions: name=VK_KHR_maintenance4, enabled=0
[Vulkan init] extensions: name=VK_KHR_maintenance5, enabled=0
[Vulkan init] extensions: name=VK_KHR_maintenance6, enabled=0
[Vulkan init] extensions: name=VK_KHR_maintenance7, enabled=0
[Vulkan init] extensions: name=VK_KHR_maintenance8, enabled=0
[Vulkan init] extensions: name=VK_KHR_map_memory2, enabled=0
[Vulkan init] extensions: name=VK_KHR_multiview, enabled=1
[Vulkan init] extensions: name=VK_KHR_pipeline_binary, enabled=0
[Vulkan init] extensions: name=VK_KHR_pipeline_executable_properties, enabled=0
[Vulkan init] extensions: name=VK_KHR_pipeline_library, enabled=0
[Vulkan init] extensions: name=VK_KHR_present_id, enabled=0
[Vulkan init] extensions: name=VK_KHR_present_wait, enabled=0
[Vulkan init] extensions: name=VK_KHR_push_descriptor, enabled=0
[Vulkan init] extensions: name=VK_KHR_ray_query, enabled=0
[Vulkan init] extensions: name=VK_KHR_ray_tracing_maintenance1, enabled=0
[Vulkan init] extensions: name=VK_KHR_ray_tracing_pipeline, enabled=0
[Vulkan init] extensions: name=VK_KHR_ray_tracing_position_fetch, enabled=0
[Vulkan init] extensions: name=VK_KHR_relaxed_block_layout, enabled=0
[Vulkan init] extensions: name=VK_KHR_sampler_mirror_clamp_to_edge, enabled=1
[Vulkan init] extensions: name=VK_KHR_sampler_ycbcr_conversion, enabled=0
[Vulkan init] extensions: name=VK_KHR_separate_depth_stencil_layouts, enabled=0
[Vulkan init] extensions: name=VK_KHR_shader_atomic_int64, enabled=0
[Vulkan init] extensions: name=VK_KHR_shader_bfloat16, enabled=0
[Vulkan init] extensions: name=VK_KHR_shader_clock, enabled=0
[Vulkan init] extensions: name=VK_KHR_shader_draw_parameters, enabled=0
[Vulkan init] extensions: name=VK_KHR_shader_expect_assume, enabled=0
[Vulkan init] extensions: name=VK_KHR_shader_float16_int8, enabled=1
[Vulkan init] extensions: name=VK_KHR_shader_float_controls, enabled=0
[Vulkan init] extensions: name=VK_KHR_shader_float_controls2, enabled=0
[Vulkan init] extensions: name=VK_KHR_shader_integer_dot_product, enabled=0
[Vulkan init] extensions: name=VK_KHR_shader_maximal_reconvergence, enabled=0
[Vulkan init] extensions: name=VK_KHR_shader_non_semantic_info, enabled=0
[Vulkan init] extensions: name=VK_KHR_shader_quad_control, enabled=0
[Vulkan init] extensions: name=VK_KHR_shader_relaxed_extended_instruction, enabled=0
[Vulkan init] extensions: name=VK_KHR_shader_subgroup_extended_types, enabled=0
[Vulkan init] extensions: name=VK_KHR_shader_subgroup_rotate, enabled=0
[Vulkan init] extensions: name=VK_KHR_shader_subgroup_uniform_control_flow, enabled=0
[Vulkan init] extensions: name=VK_KHR_shader_terminate_invocation, enabled=0
[Vulkan init] extensions: name=VK_KHR_shared_presentable_image, enabled=0
[Vulkan init] extensions: name=VK_KHR_spirv_1_4, enabled=0
[Vulkan init] extensions: name=VK_KHR_storage_buffer_storage_class, enabled=0
[Vulkan init] extensions: name=VK_KHR_swapchain, enabled=1
[Vulkan init] extensions: name=VK_KHR_swapchain_mutable_format, enabled=0
[Vulkan init] extensions: name=VK_KHR_synchronization2, enabled=0
[Vulkan init] extensions: name=VK_KHR_timeline_semaphore, enabled=0
[Vulkan init] extensions: name=VK_KHR_uniform_buffer_standard_layout, enabled=0
[Vulkan init] extensions: name=VK_KHR_variable_pointers, enabled=0
[Vulkan init] extensions: name=VK_KHR_vertex_attribute_divisor, enabled=0
[Vulkan init] extensions: name=VK_KHR_video_decode_av1, enabled=0
[Vulkan init] extensions: name=VK_KHR_video_decode_h264, enabled=0
[Vulkan init] extensions: name=VK_KHR_video_decode_h265, enabled=0
[Vulkan init] extensions: name=VK_KHR_video_decode_queue, enabled=0
[Vulkan init] extensions: name=VK_KHR_video_decode_vp9, enabled=0
[Vulkan init] extensions: name=VK_KHR_video_encode_h264, enabled=0
[Vulkan init] extensions: name=VK_KHR_video_encode_h265, enabled=0
[Vulkan init] extensions: name=VK_KHR_video_encode_quantization_map, enabled=0
[Vulkan init] extensions: name=VK_KHR_video_encode_queue, enabled=0
[Vulkan init] extensions: name=VK_KHR_video_maintenance1, enabled=0
[Vulkan init] extensions: name=VK_KHR_video_maintenance2, enabled=0
[Vulkan init] extensions: name=VK_KHR_video_queue, enabled=0
[Vulkan init] extensions: name=VK_KHR_vulkan_memory_model, enabled=0
[Vulkan init] extensions: name=VK_KHR_workgroup_memory_explicit_layout, enabled=0
[Vulkan init] extensions: name=VK_KHR_zero_initialize_workgroup_memory, enabled=0
[Vulkan init] extensions: name=VK_EXT_4444_formats, enabled=0
[Vulkan init] extensions: name=VK_EXT_attachment_feedback_loop_dynamic_state, enabled=0
[Vulkan init] extensions: name=VK_EXT_attachment_feedback_loop_layout, enabled=0
[Vulkan init] extensions: name=VK_EXT_blend_operation_advanced, enabled=0
[Vulkan init] extensions: name=VK_EXT_border_color_swizzle, enabled=0
[Vulkan init] extensions: name=VK_EXT_buffer_device_address, enabled=0
[Vulkan init] extensions: name=VK_EXT_calibrated_timestamps, enabled=0
[Vulkan init] extensions: name=VK_EXT_color_write_enable, enabled=0
[Vulkan init] extensions: name=VK_EXT_conditional_rendering, enabled=0
[Vulkan init] extensions: name=VK_EXT_conservative_rasterization, enabled=1
[Vulkan init] extensions: name=VK_EXT_custom_border_color, enabled=0
[Vulkan init] extensions: name=VK_EXT_depth_bias_control, enabled=0
[Vulkan init] extensions: name=VK_EXT_depth_clamp_control, enabled=0
[Vulkan init] extensions: name=VK_EXT_depth_clamp_zero_one, enabled=0
[Vulkan init] extensions: name=VK_EXT_depth_clip_control, enabled=0
[Vulkan init] extensions: name=VK_EXT_depth_clip_enable, enabled=0
[Vulkan init] extensions: name=VK_EXT_depth_range_unrestricted, enabled=0
[Vulkan init] extensions: name=VK_EXT_descriptor_buffer, enabled=0
[Vulkan init] extensions: name=VK_EXT_descriptor_indexing, enabled=0
[Vulkan init] extensions: name=VK_EXT_device_address_binding_report, enabled=0
[Vulkan init] extensions: name=VK_EXT_device_fault, enabled=0
[Vulkan init] extensions: name=VK_EXT_device_generated_commands, enabled=0
[Vulkan init] extensions: name=VK_EXT_discard_rectangles, enabled=0
[Vulkan init] extensions: name=VK_EXT_display_control, enabled=0
[Vulkan init] extensions: name=VK_EXT_dynamic_rendering_unused_attachments, enabled=0
[Vulkan init] extensions: name=VK_EXT_extended_dynamic_state, enabled=0
[Vulkan init] extensions: name=VK_EXT_extended_dynamic_state2, enabled=0
[Vulkan init] extensions: name=VK_EXT_extended_dynamic_state3, enabled=0
[Vulkan init] extensions: name=VK_EXT_external_memory_dma_buf, enabled=0
[Vulkan init] extensions: name=VK_EXT_external_memory_host, enabled=0
[Vulkan init] extensions: name=VK_EXT_fragment_shader_interlock, enabled=0
[Vulkan init] extensions: name=VK_EXT_global_priority, enabled=0
[Vulkan init] extensions: name=VK_EXT_global_priority_query, enabled=0
[Vulkan init] extensions: name=VK_EXT_graphics_pipeline_library, enabled=0
[Vulkan init] extensions: name=VK_EXT_host_image_copy, enabled=0
[Vulkan init] extensions: name=VK_EXT_host_query_reset, enabled=0
[Vulkan init] extensions: name=VK_EXT_image_2d_view_of_3d, enabled=0
[Vulkan init] extensions: name=VK_EXT_image_drm_format_modifier, enabled=0
[Vulkan init] extensions: name=VK_EXT_image_robustness, enabled=0
[Vulkan init] extensions: name=VK_EXT_image_sliced_view_of_3d, enabled=0
[Vulkan init] extensions: name=VK_EXT_image_view_min_lod, enabled=0
[Vulkan init] extensions: name=VK_EXT_index_type_uint8, enabled=0
[Vulkan init] extensions: name=VK_EXT_inline_uniform_block, enabled=0
[Vulkan init] extensions: name=VK_EXT_legacy_vertex_attributes, enabled=0
[Vulkan init] extensions: name=VK_EXT_line_rasterization, enabled=0
[Vulkan init] extensions: name=VK_EXT_load_store_op_none, enabled=0
[Vulkan init] extensions: name=VK_EXT_map_memory_placed, enabled=0
[Vulkan init] extensions: name=VK_EXT_memory_budget, enabled=1
[Vulkan init] extensions: name=VK_EXT_memory_priority, enabled=1
[Vulkan init] extensions: name=VK_EXT_mesh_shader, enabled=0
[Vulkan init] extensions: name=VK_EXT_multi_draw, enabled=0
[Vulkan init] extensions: name=VK_EXT_mutable_descriptor_type, enabled=0
[Vulkan init] extensions: name=VK_EXT_nested_command_buffer, enabled=0
[Vulkan init] extensions: name=VK_EXT_non_seamless_cube_map, enabled=0
[Vulkan init] extensions: name=VK_EXT_opacity_micromap, enabled=0
[Vulkan init] extensions: name=VK_EXT_pageable_device_local_memory, enabled=0
[Vulkan init] extensions: name=VK_EXT_pci_bus_info, enabled=0
[Vulkan init] extensions: name=VK_EXT_physical_device_drm, enabled=0
[Vulkan init] extensions: name=VK_EXT_pipeline_creation_cache_control, enabled=0
[Vulkan init] extensions: name=VK_EXT_pipeline_creation_feedback, enabled=0
[Vulkan init] extensions: name=VK_EXT_pipeline_library_group_handles, enabled=0
[Vulkan init] extensions: name=VK_EXT_pipeline_robustness, enabled=0
[Vulkan init] extensions: name=VK_EXT_post_depth_coverage, enabled=0
[Vulkan init] extensions: name=VK_EXT_present_mode_fifo_latest_ready, enabled=0
[Vulkan init] extensions: name=VK_EXT_primitive_topology_list_restart, enabled=0
[Vulkan init] extensions: name=VK_EXT_primitives_generated_query, enabled=0
[Vulkan init] extensions: name=VK_EXT_private_data, enabled=0
[Vulkan init] extensions: name=VK_EXT_provoking_vertex, enabled=0
[Vulkan init] extensions: name=VK_EXT_queue_family_foreign, enabled=0
[Vulkan init] extensions: name=VK_EXT_robustness2, enabled=0
[Vulkan init] extensions: name=VK_EXT_sample_locations, enabled=0
[Vulkan init] extensions: name=VK_EXT_sampler_filter_minmax, enabled=0
[Vulkan init] extensions: name=VK_EXT_scalar_block_layout, enabled=1
[Vulkan init] extensions: name=VK_EXT_separate_stencil_usage, enabled=0
[Vulkan init] extensions: name=VK_EXT_shader_atomic_float, enabled=0
[Vulkan init] extensions: name=VK_EXT_shader_demote_to_helper_invocation, enabled=0
[Vulkan init] extensions: name=VK_EXT_shader_image_atomic_int64, enabled=0
[Vulkan init] extensions: name=VK_EXT_shader_module_identifier, enabled=0
[Vulkan init] extensions: name=VK_EXT_shader_object, enabled=0
[Vulkan init] extensions: name=VK_EXT_shader_replicated_composites, enabled=0
[Vulkan init] extensions: name=VK_EXT_shader_subgroup_ballot, enabled=0
[Vulkan init] extensions: name=VK_EXT_shader_subgroup_vote, enabled=0
[Vulkan init] extensions: name=VK_EXT_shader_viewport_index_layer, enabled=1
[Vulkan init] extensions: name=VK_EXT_subgroup_size_control, enabled=0
[Vulkan init] extensions: name=VK_EXT_swapchain_maintenance1, enabled=0
[Vulkan init] extensions: name=VK_EXT_texel_buffer_alignment, enabled=0
[Vulkan init] extensions: name=VK_EXT_tooling_info, enabled=0
[Vulkan init] extensions: name=VK_EXT_transform_feedback, enabled=0
[Vulkan init] extensions: name=VK_EXT_vertex_attribute_divisor, enabled=0
[Vulkan init] extensions: name=VK_EXT_vertex_attribute_robustness, enabled=0
[Vulkan init] extensions: name=VK_EXT_vertex_input_dynamic_state, enabled=0
[Vulkan init] extensions: name=VK_EXT_ycbcr_2plane_444_formats, enabled=0
[Vulkan init] extensions: name=VK_EXT_ycbcr_image_arrays, enabled=0
[Vulkan init] extensions: name=VK_NV_clip_space_w_scaling, enabled=0
[Vulkan init] extensions: name=VK_NV_cluster_acceleration_structure, enabled=0
[Vulkan init] extensions: name=VK_NV_compute_shader_derivatives, enabled=0
[Vulkan init] extensions: name=VK_NV_cooperative_matrix, enabled=0
[Vulkan init] extensions: name=VK_NV_cooperative_matrix2, enabled=0
[Vulkan init] extensions: name=VK_NV_cooperative_vector, enabled=0
[Vulkan init] extensions: name=VK_NV_copy_memory_indirect, enabled=0
[Vulkan init] extensions: name=VK_NV_corner_sampled_image, enabled=0
[Vulkan init] extensions: name=VK_NV_coverage_reduction_mode, enabled=0
[Vulkan init] extensions: name=VK_NV_cuda_kernel_launch, enabled=0
[Vulkan init] extensions: name=VK_NV_dedicated_allocation, enabled=0
[Vulkan init] extensions: name=VK_NV_dedicated_allocation_image_aliasing, enabled=0
[Vulkan init] extensions: name=VK_NV_descriptor_pool_overallocation, enabled=0
[Vulkan init] extensions: name=VK_NV_device_diagnostic_checkpoints, enabled=0
[Vulkan init] extensions: name=VK_NV_device_diagnostics_config, enabled=0
[Vulkan init] extensions: name=VK_NV_device_generated_commands, enabled=0
[Vulkan init] extensions: name=VK_NV_device_generated_commands_compute, enabled=0
[Vulkan init] extensions: name=VK_NV_disk_cache_utils, enabled=0
[Vulkan init] extensions: name=VK_NV_extended_sparse_address_space, enabled=0
[Vulkan init] extensions: name=VK_NV_fill_rectangle, enabled=0
[Vulkan init] extensions: name=VK_NV_fragment_coverage_to_color, enabled=0
[Vulkan init] extensions: name=VK_NV_fragment_shader_barycentric, enabled=0
[Vulkan init] extensions: name=VK_NV_fragment_shading_rate_enums, enabled=0
[Vulkan init] extensions: name=VK_NV_framebuffer_mixed_samples, enabled=0
[Vulkan init] extensions: name=VK_NV_geometry_shader_passthrough, enabled=0
[Vulkan init] extensions: name=VK_NV_inherited_viewport_scissor, enabled=0
[Vulkan init] extensions: name=VK_NV_internal_nvpresent, enabled=0
[Vulkan init] extensions: name=VK_NV_linear_color_attachment, enabled=0
[Vulkan init] extensions: name=VK_NV_low_latency, enabled=0
[Vulkan init] extensions: name=VK_NV_low_latency2, enabled=0
[Vulkan init] extensions: name=VK_NV_memory_decompression, enabled=0
[Vulkan init] extensions: name=VK_NV_mesh_shader, enabled=0
[Vulkan init] extensions: name=VK_NV_optical_flow, enabled=0
[Vulkan init] extensions: name=VK_NV_partitioned_acceleration_structure, enabled=0
[Vulkan init] extensions: name=VK_NV_present_metering, enabled=0
[Vulkan init] extensions: name=VK_NV_raw_access_chains, enabled=0
[Vulkan init] extensions: name=VK_NV_ray_tracing, enabled=0
[Vulkan init] extensions: name=VK_NV_ray_tracing_invocation_reorder, enabled=0
[Vulkan init] extensions: name=VK_NV_ray_tracing_motion_blur, enabled=0
[Vulkan init] extensions: name=VK_NV_representative_fragment_test, enabled=0
[Vulkan init] extensions: name=VK_NV_sample_mask_override_coverage, enabled=0
[Vulkan init] extensions: name=VK_NV_scissor_exclusive, enabled=0
[Vulkan init] extensions: name=VK_NV_shader_atomic_float16_vector, enabled=0
[Vulkan init] extensions: name=VK_NV_shader_image_footprint, enabled=0
[Vulkan init] extensions: name=VK_NV_shader_sm_builtins, enabled=0
[Vulkan init] extensions: name=VK_NV_shader_subgroup_partitioned, enabled=0
[Vulkan init] extensions: name=VK_NV_shading_rate_image, enabled=0
[Vulkan init] extensions: name=VK_NV_viewport_array2, enabled=0
[Vulkan init] extensions: name=VK_NV_viewport_swizzle, enabled=0
[Vulkan init] extensions: name=VK_NVX_binary_import, enabled=0
[Vulkan init] extensions: name=VK_NVX_image_view_handle, enabled=0
[Vulkan init] extensions: name=VK_NVX_multiview_per_view_attributes, enabled=0
[Vulkan init] extensions: name=VK_AMD_buffer_marker, enabled=0
[Vulkan init] extensions: name=VK_GOOGLE_hlsl_functionality1, enabled=0
[Vulkan init] extensions: name=VK_GOOGLE_user_type, enabled=0
Vulkan API version 1.1.0 (1.4.312 supported by driver, 1.1.0 requested)
Vulkan vendor=[NVIDIA] id=[10de]
Vulkan renderer=[NVIDIA GeForce RTX 3060] id=[2504]
Vulkan device type 2
Vulkan driverversion=[0x911a4200] uint=[-1860550144]
Vulkan PSO: Cache data successfully loaded [size=616172,path=/tmp/srylain Inc_/Clone Hero/vulkan_pso_cache.bin]
Begin MonoManager ReloadAssembly
- Completed reload, in  0.042 seconds
FastLogger: Activated
requesting resize 3168 x 1782
Using native desktop resolution 3168 x 1782
requesting fullscreen 3168 x 1782 at 0 Hz
Desktop is 3168 x 1782 @ 165 Hz
InitializeOrResetSwapChain 3168x1782 hdr=0 samples=1
UnloadTime: 0.322855 ms
Setting up services
Log ID: -1557727145
Logged into USG
PlayerID: Ctr0xgixEXpZ32bRBos8rr7FcQHV
Remote config ready!
Unloading 6 Unused Serialized files (Serialized files now loaded: 0)
UnloadTime: 3.930304 ms
Fallback handler could not load library /opt/clonehero/clonehero_Data/MonoBleedingEdge/x86_64/libsteam_api
Fallback handler could not load library /opt/clonehero/clonehero_Data/MonoBleedingEdge/x86_64/libsteam_api.so
Fallback handler could not load library /opt/clonehero/clonehero_Data/MonoBleedingEdge/x86_64/libsteam_api.so
Fallback handler could not load library /opt/clonehero/clonehero_Data/MonoBleedingEdge/x86_64/libsteam_api
Fallback handler could not load library /opt/clonehero/clonehero_Data/MonoBleedingEdge/x86_64/libsteam_api
Fallback handler could not load library /opt/clonehero/clonehero_Data/MonoBleedingEdge/x86_64/libsteam_api.so
Fallback handler could not load library /opt/clonehero/clonehero_Data/MonoBleedingEdge/x86_64/libsteam_api.so
Fallback handler could not load library /opt/clonehero/clonehero_Data/MonoBleedingEdge/x86_64/libsteam_api
Bass: 2.4.16.7 BassFx: 2.4.12.6 BassMix: 2.4.11.2
DirectSound
DiscordRPC: is now online
Starting video thumbs
[2025-12-06T13:10:04.393-08:00] [Assets\Scripts\StrikeCore\Settings.cs:329:Load] [Info] Writing default config /home/avery/.clonehero/Custom/Colors/DefaultColors.ini
Biology
Coalescence & Segmentation
Combat Mosh
Crumbling Castle
Embrace
Enact the Ending (2023 Redux)
Flamewall
Gone (feat. Rasmus Bom Andersen)
Good Grief Retreat
Moonhunter
No Known Suspects
Revenge
Stigma
Stop Saying We Sound Like Dragonforce
The Palace of the Kantus
Troopers of the Stars
i ws nvr yr grlfrnd
<Missing i18n Resource>: StrikeLine Base Red :en
Setting up 6 worker threads for Enlighten.
requesting resize 3168 x 1782
Using native desktop resolution 3168 x 1782
requesting fullscreen 3168 x 1782 at 0 Hz
Desktop is 3168 x 1782 @ 165 Hz
InitializeOrResetSwapChain 3168x1782 hdr=0 samples=1
Unloading 46 unused Assets to reduce memory usage. Loaded Objects now: 23682.
Total: 16.309806 ms (FindLiveObjects: 1.090472 ms CreateObjectMapping: 0.278604 ms MarkObjects: 14.817230 ms  DeleteObjects: 0.122913 ms)

download source.txt
download source.txt finished
Unloading 5 Unused Serialized files (Serialized files now loaded: 0)
UnloadTime: 17.007751 ms
Loading Song: Belvedere - Good Grief Retreat
Returned missing glyphs are correct.
Unloading 1889 unused Assets to reduce memory usage. Loaded Objects now: 16849.
Total: 20.309850 ms (FindLiveObjects: 0.888614 ms CreateObjectMapping: 0.346758 ms MarkObjects: 18.047961 ms  DeleteObjects: 1.026005 ms)

Unloading 6 Unused Serialized files (Serialized files now loaded: 0)
UnloadTime: 6.670428 ms
<Missing i18n Resource>: Ghost Inputs:en
Unloading 604 unused Assets to reduce memory usage. Loaded Objects now: 10207.
Total: 23.765546 ms (FindLiveObjects: 0.498311 ms CreateObjectMapping: 0.182156 ms MarkObjects: 22.396808 ms  DeleteObjects: 0.687822 ms)

Unloading 5 Unused Serialized files (Serialized files now loaded: 0)
UnloadTime: 5.784678 ms
Unloading 23 unused Assets to reduce memory usage. Loaded Objects now: 24483.
Total: 22.559022 ms (FindLiveObjects: 1.526948 ms CreateObjectMapping: 0.369260 ms MarkObjects: 20.584004 ms  DeleteObjects: 0.078313 ms)

Unloading 5 Unused Serialized files (Serialized files now loaded: 0)
UnloadTime: 14.301011 ms
Loading Song: Synovial - No Known Suspects
Returned missing glyphs are correct.
Unloading 671 unused Assets to reduce memory usage. Loaded Objects now: 16851.
Total: 12.178625 ms (FindLiveObjects: 0.675625 ms CreateObjectMapping: 0.231305 ms MarkObjects: 10.973149 ms  DeleteObjects: 0.298082 ms)

<Missing i18n Resource>: Current Section::en
Unloading 5 Unused Serialized files (Serialized files now loaded: 0)
UnloadTime: 6.770974 ms
Unloading 608 unused Assets to reduce memory usage. Loaded Objects now: 23711.
Total: 17.149349 ms (FindLiveObjects: 1.187541 ms CreateObjectMapping: 0.445880 ms MarkObjects: 14.892383 ms  DeleteObjects: 0.623012 ms)

<Missing i18n Resource>: Select the songs folder you would like to add.:en
Disposed of memorymapped file
Biology
Disposed of memorymapped file
Coalescence & Segmentation
Disposed of memorymapped file
Combat Mosh
Disposed of memorymapped file
Crumbling Castle
Disposed of memorymapped file
Embrace
Disposed of memorymapped file
Enact the Ending (2023 Redux)
Disposed of memorymapped file
Flamewall
Disposed of memorymapped file
Gone (feat. Rasmus Bom Andersen)
Disposed of memorymapped file
Good Grief Retreat
Disposed of memorymapped file
Moonhunter
Disposed of memorymapped file
No Known Suspects
Disposed of memorymapped file
Revenge
Disposed of memorymapped file
Stigma
Disposed of memorymapped file
Stop Saying We Sound Like Dragonforce
Disposed of memorymapped file
The Palace of the Kantus
Disposed of memorymapped file
Troopers of the Stars
Disposed of memorymapped file
i ws nvr yr grlfrnd
Cache log before: 0 songs, 1412 paths
Disposed of memorymapped file
Biology
Disposed of memorymapped file
Coalescence & Segmentation
Disposed of memorymapped file
Combat Mosh
Disposed of memorymapped file
Crumbling Castle
Disposed of memorymapped file
Embrace
Disposed of memorymapped file
Enact the Ending (2023 Redux)
Disposed of memorymapped file
Flamewall
Disposed of memorymapped file
Gone (feat. Rasmus Bom Andersen)
Disposed of memorymapped file
Good Grief Retreat
Disposed of memorymapped file
Moonhunter
Disposed of memorymapped file
No Known Suspects
Disposed of memorymapped file
Revenge
Disposed of memorymapped file
Stigma
Disposed of memorymapped file
Stop Saying We Sound Like Dragonforce
Disposed of memorymapped file
The Palace of the Kantus
Disposed of memorymapped file
Troopers of the Stars
Disposed of memorymapped file
i ws nvr yr grlfrnd
Uploading Crash Report
ArgumentOutOfRangeException: Index and count must refer to a location within the buffer.
Parameter name: bytes
  at System.Text.ASCIIEncoding.GetString (System.Byte[] bytes, System.Int32 byteIndex, System.Int32 byteCount) [0x0003e] in <67657c2d3fd149ae902be1e2abd83cfa>:0 
  at Melanchall.DryWetMidi.Smf.MidiReader.ReadString (System.Int32 count) [0x00005] in <484a266780a24065ad9b33a586482a22>:0 
  at Melanchall.DryWetMidi.Smf.MidiFile.ReadChunk (Melanchall.DryWetMidi.Smf.MidiReader reader, Melanchall.DryWetMidi.Smf.ReadingSettings settings, System.Int32 actualTrackChunksCount, System.Nullable`1[T] expectedTrackChunksCount) [0x00002] in <484a266780a24065ad9b33a586482a22>:0 
  at Melanchall.DryWetMidi.Smf.MidiFile.Read (System.Byte[] data, Melanchall.DryWetMidi.Smf.ReadingSettings settings) [0x000ed] in <484a266780a24065ad9b33a586482a22>:0 
  at ʻˀʵˁʺʷʳˀʷʻʳ.ʻʵˀʸʲʶˀˁʲʵˁ (System.String ʵʿʴˁʾʷˀʹˁʸʼ, System.Boolean ʲʻʵʵˀˁʸʺʷˀʹ) [0x00011] in <c6a437496d644dd9911270e738a705c0>:0 
UnityEngine.DebugLogHandler:Internal_LogException(Exception, Object)
ʾʾʶʿʼˁʾʿˁʲʶ:LogException(Exception, Object)
UnityEngine.Debug:LogException(Exception)
ʻˀʵˁʺʷʳˀʷʻʳ:ʻʵˀʸʲʶˀˁʲʵˁ(String, Boolean)
SongEntry:ʿʲʷʹʿʳʾʳʷˀʾ(Boolean)
ʺˀʹʻˀʾʸʻʾʽʺ:ʴʽʸˁʺʺʻˀʳˀʸ(SongEntry)
ʺˀʹʻˀʾʸʻʾʽʺ:ʷʼˀʵʸʿʾʽʽʼʲ()
ʺˀʹʻˀʾʸʻʾʽʺ:ʶʳˀʵʳʽʷʿʺʼʴ()
System.Threading.ThreadHelper:ThreadStart_Context(Object)
System.Threading.ExecutionContext:RunInternal(ExecutionContext, ContextCallback, Object, Boolean)
System.Threading.ExecutionContext:Run(ExecutionContext, ContextCallback, Object, Boolean)
System.Threading.ExecutionContext:Run(ExecutionContext, ContextCallback, Object)
System.Threading.ThreadHelper:ThreadStart()

ArgumentOutOfRangeException: Index and count must refer to a location within the buffer.
Parameter name: bytes
  at System.Text.ASCIIEncoding.GetString (System.Byte[] bytes, System.Int32 byteIndex, System.Int32 byteCount) [0x0003e] in <67657c2d3fd149ae902be1e2abd83cfa>:0 
  at Melanchall.DryWetMidi.Smf.MidiReader.ReadString (System.Int32 count) [0x00005] in <484a266780a24065ad9b33a586482a22>:0 
  at Melanchall.DryWetMidi.Smf.MidiFile.ReadChunk (Melanchall.DryWetMidi.Smf.MidiReader reader, Melanchall.DryWetMidi.Smf.ReadingSettings settings, System.Int32 actualTrackChunksCount, System.Nullable`1[T] expectedTrackChunksCount) [0x00002] in <484a266780a24065ad9b33a586482a22>:0 
  at Melanchall.DryWetMidi.Smf.MidiFile.Read (System.Byte[] data, Melanchall.DryWetMidi.Smf.ReadingSettings settings) [0x000ed] in <484a266780a24065ad9b33a586482a22>:0 
  at ʻˀʵˁʺʷʳˀʷʻʳ.ʻʵˀʸʲʶˀˁʲʵˁ (System.String ʵʿʴˁʾʷˀʹˁʸʼ, System.Boolean ʲʻʵʵˀˁʸʺʷˀʹ) [0x00011] in <c6a437496d644dd9911270e738a705c0>:0 
UnityEngine.DebugLogHandler:Internal_LogException(Exception, Object)
ʾʾʶʿʼˁʾʿˁʲʶ:LogException(Exception, Object)
UnityEngine.Debug:LogException(Exception)
ʻˀʵˁʺʷʳˀʷʻʳ:ʻʵˀʸʲʶˀˁʲʵˁ(String, Boolean)
SongEntry:ʿʲʷʹʿʳʾʳʷˀʾ(Boolean)
ʺˀʹʻˀʾʸʻʾʽʺ:ʴʽʸˁʺʺʻˀʳˀʸ(SongEntry)
ʺˀʹʻˀʾʸʻʾʽʺ:ʷʼˀʵʸʿʾʽʽʼʲ()
ʺˀʹʻˀʾʸʻʾʽʺ:ʶʳˀʵʳʽʷʿʺʼʴ()
System.Threading.ThreadHelper:ThreadStart_Context(Object)
System.Threading.ExecutionContext:RunInternal(ExecutionContext, ContextCallback, Object, Boolean)
System.Threading.ExecutionContext:Run(ExecutionContext, ContextCallback, Object, Boolean)
System.Threading.ExecutionContext:Run(ExecutionContext, ContextCallback, Object)
System.Threading.ThreadHelper:ThreadStart()

Uploading Crash Report
ʳʺʸʲʳʺʾʵʻʿʳ: Lexing Exception Encountered in "Ghost Under the Umbrella" on line 29 while lexing the events track.
  at ʷʽʻʻʿʵˀˁʽʳʶ.ʵʺʸʽʺʵʶʷʷˁʵ (ʷʽʻʻʿʵˀˁʽʳʶ ʴʼʿʼʺʹʸʲʽʾʽ, System.String ʶʸʲʵʽʽʿʴʴʴʴ, System.Int32 ʳʿʹʺʵʹʷʼʼʸʸ, System.String ʳʷʽʾʳʼʹʽʾˀʺ) [0x00013] in <c6a437496d644dd9911270e738a705c0>:0 
  at ʷʽʻʻʿʵˀˁʽʳʶ.ʽˁʴʾʶˀʿʾʶʿʽ (System.String ʶʸʲʵʽʽʿʴʴʴʴ, System.Int32 ʳʿʹʺʵʹʷʼʼʸʸ) [0x001c7] in <c6a437496d644dd9911270e738a705c0>:0 
  at ʷʽʻʻʿʵˀˁʽʳʶ.ʵʶʴʷʲʼʷʿʵʿʴ (System.IO.StreamReader ˁʾʼʳʳʾʻʾʽʲˁ) [0x0012f] in <c6a437496d644dd9911270e738a705c0>:0 
UnityEngine.DebugLogHandler:Internal_LogException(Exception, Object)
ʾʾʶʿʼˁʾʿˁʲʶ:LogException(Exception, Object)
UnityEngine.Debug:LogException(Exception)
ʷʽʻʻʿʵˀˁʽʳʶ:ʵʶʴʷʲʼʷʿʵʿʴ(StreamReader)
ʷʽʻʻʿʵˀˁʽʳʶ:ʳʳʽʲʵʽˀʵʶʹʽ(Byte[])
ʷʽʻʻʿʵˀˁʽʳʶ:.ctor(String, Boolean)
SongEntry:ʿʲʷʹʿʳʾʳʷˀʾ(Boolean)
ʺˀʹʻˀʾʸʻʾʽʺ:ʴʽʸˁʺʺʻˀʳˀʸ(SongEntry)
ʺˀʹʻˀʾʸʻʾʽʺ:ʷʼˀʵʸʿʾʽʽʼʲ()
ʺˀʹʻˀʾʸʻʾʽʺ:ʶʳˀʵʳʽʷʿʺʼʴ()
System.Threading.ThreadHelper:ThreadStart_Context(Object)
System.Threading.ExecutionContext:RunInternal(ExecutionContext, ContextCallback, Object, Boolean)
System.Threading.ExecutionContext:Run(ExecutionContext, ContextCallback, Object, Boolean)
System.Threading.ExecutionContext:Run(ExecutionContext, ContextCallback, Object)
System.Threading.ThreadHelper:ThreadStart()

ʳʺʸʲʳʺʾʵʻʿʳ: Lexing Exception Encountered in "I Thought I Was an Angel" on line 193 while lexing the events track.
  at ʷʽʻʻʿʵˀˁʽʳʶ.ʵʺʸʽʺʵʶʷʷˁʵ (ʷʽʻʻʿʵˀˁʽʳʶ ʴʼʿʼʺʹʸʲʽʾʽ, System.String ʶʸʲʵʽʽʿʴʴʴʴ, System.Int32 ʳʿʹʺʵʹʷʼʼʸʸ, System.String ʳʷʽʾʳʼʹʽʾˀʺ) [0x00013] in <c6a437496d644dd9911270e738a705c0>:0 
  at ʷʽʻʻʿʵˀˁʽʳʶ.ʽˁʴʾʶˀʿʾʶʿʽ (System.String ʶʸʲʵʽʽʿʴʴʴʴ, System.Int32 ʳʿʹʺʵʹʷʼʼʸʸ) [0x001c7] in <c6a437496d644dd9911270e738a705c0>:0 
  at ʷʽʻʻʿʵˀˁʽʳʶ.ʵʶʴʷʲʼʷʿʵʿʴ (System.IO.StreamReader ˁʾʼʳʳʾʻʾʽʲˁ) [0x0012f] in <c6a437496d644dd9911270e738a705c0>:0 
UnityEngine.DebugLogHandler:Internal_LogException(Exception, Object)
ʾʾʶʿʼˁʾʿˁʲʶ:LogException(Exception, Object)
UnityEngine.Debug:LogException(Exception)
ʷʽʻʻʿʵˀˁʽʳʶ:ʵʶʴʷʲʼʷʿʵʿʴ(StreamReader)
ʷʽʻʻʿʵˀˁʽʳʶ:ʳʳʽʲʵʽˀʵʶʹʽ(Byte[])
ʷʽʻʻʿʵˀˁʽʳʶ:.ctor(String, Boolean)
SongEntry:ʿʲʷʹʿʳʾʳʷˀʾ(Boolean)
ʺˀʹʻˀʾʸʻʾʽʺ:ʴʽʸˁʺʺʻˀʳˀʸ(SongEntry)
ʺˀʹʻˀʾʸʻʾʽʺ:ʷʼˀʵʸʿʾʽʽʼʲ()
ʺˀʹʻˀʾʸʻʾʽʺ:ʶʳˀʵʳʽʷʿʺʼʴ()
System.Threading.ThreadHelper:ThreadStart_Context(Object)
System.Threading.ExecutionContext:RunInternal(ExecutionContext, ContextCallback, Object, Boolean)
System.Threading.ExecutionContext:Run(ExecutionContext, ContextCallback, Object, Boolean)
System.Threading.ExecutionContext:Run(ExecutionContext, ContextCallback, Object)
System.Threading.ThreadHelper:ThreadStart()

ʳʺʸʲʳʺʾʵʻʿʳ: Lexing Exception Encountered in "Black Showtime" on line 581 while lexing the events track.
  at ʷʽʻʻʿʵˀˁʽʳʶ.ʵʺʸʽʺʵʶʷʷˁʵ (ʷʽʻʻʿʵˀˁʽʳʶ ʴʼʿʼʺʹʸʲʽʾʽ, System.String ʶʸʲʵʽʽʿʴʴʴʴ, System.Int32 ʳʿʹʺʵʹʷʼʼʸʸ, System.String ʳʷʽʾʳʼʹʽʾˀʺ) [0x00013] in <c6a437496d644dd9911270e738a705c0>:0 
  at ʷʽʻʻʿʵˀˁʽʳʶ.ʽˁʴʾʶˀʿʾʶʿʽ (System.String ʶʸʲʵʽʽʿʴʴʴʴ, System.Int32 ʳʿʹʺʵʹʷʼʼʸʸ) [0x001c7] in <c6a437496d644dd9911270e738a705c0>:0 
  at ʷʽʻʻʿʵˀˁʽʳʶ.ʵʶʴʷʲʼʷʿʵʿʴ (System.IO.StreamReader ˁʾʼʳʳʾʻʾʽʲˁ) [0x0012f] in <c6a437496d644dd9911270e738a705c0>:0 
UnityEngine.DebugLogHandler:Internal_LogException(Exception, Object)
ʾʾʶʿʼˁʾʿˁʲʶ:LogException(Exception, Object)
UnityEngine.Debug:LogException(Exception)
ʷʽʻʻʿʵˀˁʽʳʶ:ʵʶʴʷʲʼʷʿʵʿʴ(StreamReader)
ʷʽʻʻʿʵˀˁʽʳʶ:ʳʳʽʲʵʽˀʵʶʹʽ(Byte[])
ʷʽʻʻʿʵˀˁʽʳʶ:.ctor(String, Boolean)
SongEntry:ʿʲʷʹʿʳʾʳʷˀʾ(Boolean)
ʺˀʹʻˀʾʸʻʾʽʺ:ʴʽʸˁʺʺʻˀʳˀʸ(SongEntry)
ʺˀʹʻˀʾʸʻʾʽʺ:ʷʼˀʵʸʿʾʽʽʼʲ()
ʺˀʹʻˀʾʸʻʾʽʺ:ʶʳˀʵʳʽʷʿʺʼʴ()
System.Threading.ThreadHelper:ThreadStart_Context(Object)
System.Threading.ExecutionContext:RunInternal(ExecutionContext, ContextCallback, Object, Boolean)
System.Threading.ExecutionContext:Run(ExecutionContext, ContextCallback, Object, Boolean)
System.Threading.ExecutionContext:Run(ExecutionContext, ContextCallback, Object)
System.Threading.ThreadHelper:ThreadStart()

ʳʺʸʲʳʺʾʵʻʿʳ: Lexing Exception Encountered in "Children's World" on line 139 while lexing the events track.
  at ʷʽʻʻʿʵˀˁʽʳʶ.ʵʺʸʽʺʵʶʷʷˁʵ (ʷʽʻʻʿʵˀˁʽʳʶ ʴʼʿʼʺʹʸʲʽʾʽ, System.String ʶʸʲʵʽʽʿʴʴʴʴ, System.Int32 ʳʿʹʺʵʹʷʼʼʸʸ, System.String ʳʷʽʾʳʼʹʽʾˀʺ) [0x00013] in <c6a437496d644dd9911270e738a705c0>:0 
  at ʷʽʻʻʿʵˀˁʽʳʶ.ʽˁʴʾʶˀʿʾʶʿʽ (System.String ʶʸʲʵʽʽʿʴʴʴʴ, System.Int32 ʳʿʹʺʵʹʷʼʼʸʸ) [0x001c7] in <c6a437496d644dd9911270e738a705c0>:0 
  at ʷʽʻʻʿʵˀˁʽʳʶ.ʵʶʴʷʲʼʷʿʵʿʴ (System.IO.StreamReader ˁʾʼʳʳʾʻʾʽʲˁ) [0x0012f] in <c6a437496d644dd9911270e738a705c0>:0 
UnityEngine.DebugLogHandler:Internal_LogException(Exception, Object)
ʾʾʶʿʼˁʾʿˁʲʶ:LogException(Exception, Object)
UnityEngine.Debug:LogException(Exception)
ʷʽʻʻʿʵˀˁʽʳʶ:ʵʶʴʷʲʼʷʿʵʿʴ(StreamReader)
ʷʽʻʻʿʵˀˁʽʳʶ:ʳʳʽʲʵʽˀʵʶʹʽ(Byte[])
ʷʽʻʻʿʵˀˁʽʳʶ:.ctor(String, Boolean)
SongEntry:ʿʲʷʹʿʳʾʳʷˀʾ(Boolean)
ʺˀʹʻˀʾʸʻʾʽʺ:ʴʽʸˁʺʺʻˀʳˀʸ(SongEntry)
ʺˀʹʻˀʾʸʻʾʽʺ:ʷʼˀʵʸʿʾʽʽʼʲ()
ʺˀʹʻˀʾʸʻʾʽʺ:ʶʳˀʵʳʽʷʿʺʼʴ()
System.Threading.ThreadHelper:ThreadStart_Context(Object)
System.Threading.ExecutionContext:RunInternal(ExecutionContext, ContextCallback, Object, Boolean)
System.Threading.ExecutionContext:Run(ExecutionContext, ContextCallback, Object, Boolean)
System.Threading.ExecutionContext:Run(ExecutionContext, ContextCallback, Object)
System.Threading.ThreadHelper:ThreadStart()

ʳʺʸʲʳʺʾʵʻʿʳ: Lexing Exception Encountered in "Heart Sutra Hardcore" on line 40 while lexing the events track.
  at ʷʽʻʻʿʵˀˁʽʳʶ.ʵʺʸʽʺʵʶʷʷˁʵ (ʷʽʻʻʿʵˀˁʽʳʶ ʴʼʿʼʺʹʸʲʽʾʽ, System.String ʶʸʲʵʽʽʿʴʴʴʴ, System.Int32 ʳʿʹʺʵʹʷʼʼʸʸ, System.String ʳʷʽʾʳʼʹʽʾˀʺ) [0x00013] in <c6a437496d644dd9911270e738a705c0>:0 
  at ʷʽʻʻʿʵˀˁʽʳʶ.ʽˁʴʾʶˀʿʾʶʿʽ (System.String ʶʸʲʵʽʽʿʴʴʴʴ, System.Int32 ʳʿʹʺʵʹʷʼʼʸʸ) [0x001c7] in <c6a437496d644dd9911270e738a705c0>:0 
  at ʷʽʻʻʿʵˀˁʽʳʶ.ʵʶʴʷʲʼʷʿʵʿʴ (System.IO.StreamReader ˁʾʼʳʳʾʻʾʽʲˁ) [0x0012f] in <c6a437496d644dd9911270e738a705c0>:0 
UnityEngine.DebugLogHandler:Internal_LogException(Exception, Object)
ʾʾʶʿʼˁʾʿˁʲʶ:LogException(Exception, Object)
UnityEngine.Debug:LogException(Exception)
ʷʽʻʻʿʵˀˁʽʳʶ:ʵʶʴʷʲʼʷʿʵʿʴ(StreamReader)
ʷʽʻʻʿʵˀˁʽʳʶ:ʳʳʽʲʵʽˀʵʶʹʽ(Byte[])
ʷʽʻʻʿʵˀˁʽʳʶ:.ctor(String, Boolean)
SongEntry:ʿʲʷʹʿʳʾʳʷˀʾ(Boolean)
ʺˀʹʻˀʾʸʻʾʽʺ:ʴʽʸˁʺʺʻˀʳˀʸ(SongEntry)
ʺˀʹʻˀʾʸʻʾʽʺ:ʷʼˀʵʸʿʾʽʽʼʲ()
ʺˀʹʻˀʾʸʻʾʽʺ:ʶʳˀʵʳʽʷʿʺʼʴ()
System.Threading.ThreadHelper:ThreadStart_Context(Object)
System.Threading.ExecutionContext:RunInternal(ExecutionContext, ContextCallback, Object, Boolean)
System.Threading.ExecutionContext:Run(ExecutionContext, ContextCallback, Object, Boolean)
System.Threading.ExecutionContext:Run(ExecutionContext, ContextCallback, Object)
System.Threading.ThreadHelper:ThreadStart()

ʳʺʸʲʳʺʾʵʻʿʳ: Lexing Exception Encountered in "Pure White Poison" on line 415 while lexing the events track.
  at ʷʽʻʻʿʵˀˁʽʳʶ.ʵʺʸʽʺʵʶʷʷˁʵ (ʷʽʻʻʿʵˀˁʽʳʶ ʴʼʿʼʺʹʸʲʽʾʽ, System.String ʶʸʲʵʽʽʿʴʴʴʴ, System.Int32 ʳʿʹʺʵʹʷʼʼʸʸ, System.String ʳʷʽʾʳʼʹʽʾˀʺ) [0x00013] in <c6a437496d644dd9911270e738a705c0>:0 
  at ʷʽʻʻʿʵˀˁʽʳʶ.ʽˁʴʾʶˀʿʾʶʿʽ (System.String ʶʸʲʵʽʽʿʴʴʴʴ, System.Int32 ʳʿʹʺʵʹʷʼʼʸʸ) [0x001c7] in <c6a437496d644dd9911270e738a705c0>:0 
  at ʷʽʻʻʿʵˀˁʽʳʶ.ʵʶʴʷʲʼʷʿʵʿʴ (System.IO.StreamReader ˁʾʼʳʳʾʻʾʽʲˁ) [0x0012f] in <c6a437496d644dd9911270e738a705c0>:0 
UnityEngine.DebugLogHandler:Internal_LogException(Exception, Object)
ʾʾʶʿʼˁʾʿˁʲʶ:LogException(Exception, Object)
UnityEngine.Debug:LogException(Exception)
ʷʽʻʻʿʵˀˁʽʳʶ:ʵʶʴʷʲʼʷʿʵʿʴ(StreamReader)
ʷʽʻʻʿʵˀˁʽʳʶ:ʳʳʽʲʵʽˀʵʶʹʽ(Byte[])
ʷʽʻʻʿʵˀˁʽʳʶ:.ctor(String, Boolean)
SongEntry:ʿʲʷʹʿʳʾʳʷˀʾ(Boolean)
ʺˀʹʻˀʾʸʻʾʽʺ:ʴʽʸˁʺʺʻˀʳˀʸ(SongEntry)
ʺˀʹʻˀʾʸʻʾʽʺ:ʷʼˀʵʸʿʾʽʽʼʲ()
ʺˀʹʻˀʾʸʻʾʽʺ:ʶʳˀʵʳʽʷʿʺʼʴ()
System.Threading.ThreadHelper:ThreadStart_Context(Object)
System.Threading.ExecutionContext:RunInternal(ExecutionContext, ContextCallback, Object, Boolean)
System.Threading.ExecutionContext:Run(ExecutionContext, ContextCallback, Object, Boolean)
System.Threading.ExecutionContext:Run(ExecutionContext, ContextCallback, Object)
System.Threading.ThreadHelper:ThreadStart()

ʳʺʸʲʳʺʾʵʻʿʳ: Lexing Exception Encountered in "Suicide Moster" on line 428 while lexing the events track.
  at ʷʽʻʻʿʵˀˁʽʳʶ.ʵʺʸʽʺʵʶʷʷˁʵ (ʷʽʻʻʿʵˀˁʽʳʶ ʴʼʿʼʺʹʸʲʽʾʽ, System.String ʶʸʲʵʽʽʿʴʴʴʴ, System.Int32 ʳʿʹʺʵʹʷʼʼʸʸ, System.String ʳʷʽʾʳʼʹʽʾˀʺ) [0x00013] in <c6a437496d644dd9911270e738a705c0>:0 
  at ʷʽʻʻʿʵˀˁʽʳʶ.ʽˁʴʾʶˀʿʾʶʿʽ (System.String ʶʸʲʵʽʽʿʴʴʴʴ, System.Int32 ʳʿʹʺʵʹʷʼʼʸʸ) [0x001c7] in <c6a437496d644dd9911270e738a705c0>:0 
  at ʷʽʻʻʿʵˀˁʽʳʶ.ʵʶʴʷʲʼʷʿʵʿʴ (System.IO.StreamReader ˁʾʼʳʳʾʻʾʽʲˁ) [0x0012f] in <c6a437496d644dd9911270e738a705c0>:0 
UnityEngine.DebugLogHandler:Internal_LogException(Exception, Object)
ʾʾʶʿʼˁʾʿˁʲʶ:LogException(Exception, Object)
UnityEngine.Debug:LogException(Exception)
ʷʽʻʻʿʵˀˁʽʳʶ:ʵʶʴʷʲʼʷʿʵʿʴ(StreamReader)
ʷʽʻʻʿʵˀˁʽʳʶ:ʳʳʽʲʵʽˀʵʶʹʽ(Byte[])
ʷʽʻʻʿʵˀˁʽʳʶ:.ctor(String, Boolean)
SongEntry:ʿʲʷʹʿʳʾʳʷˀʾ(Boolean)
ʺˀʹʻˀʾʸʻʾʽʺ:ʴʽʸˁʺʺʻˀʳˀʸ(SongEntry)
ʺˀʹʻˀʾʸʻʾʽʺ:ʷʼˀʵʸʿʾʽʽʼʲ()
ʺˀʹʻˀʾʸʻʾʽʺ:ʶʳˀʵʳʽʷʿʺʼʴ()
System.Threading.ThreadHelper:ThreadStart_Context(Object)
System.Threading.ExecutionContext:RunInternal(ExecutionContext, ContextCallback, Object, Boolean)
System.Threading.ExecutionContext:Run(ExecutionContext, ContextCallback, Object, Boolean)
System.Threading.ExecutionContext:Run(ExecutionContext, ContextCallback, Object)
System.Threading.ThreadHelper:ThreadStart()

ʳʺʸʲʳʺʾʵʻʿʳ: Lexing Exception Encountered in "Heart Sutra Hardcore" on line 40 while lexing the events track.
  at ʷʽʻʻʿʵˀˁʽʳʶ.ʵʺʸʽʺʵʶʷʷˁʵ (ʷʽʻʻʿʵˀˁʽʳʶ ʴʼʿʼʺʹʸʲʽʾʽ, System.String ʶʸʲʵʽʽʿʴʴʴʴ, System.Int32 ʳʿʹʺʵʹʷʼʼʸʸ, System.String ʳʷʽʾʳʼʹʽʾˀʺ) [0x00013] in <c6a437496d644dd9911270e738a705c0>:0 
  at ʷʽʻʻʿʵˀˁʽʳʶ.ʽˁʴʾʶˀʿʾʶʿʽ (System.String ʶʸʲʵʽʽʿʴʴʴʴ, System.Int32 ʳʿʹʺʵʹʷʼʼʸʸ) [0x001c7] in <c6a437496d644dd9911270e738a705c0>:0 
  at ʷʽʻʻʿʵˀˁʽʳʶ.ʵʶʴʷʲʼʷʿʵʿʴ (System.IO.StreamReader ˁʾʼʳʳʾʻʾʽʲˁ) [0x0012f] in <c6a437496d644dd9911270e738a705c0>:0 
UnityEngine.DebugLogHandler:Internal_LogException(Exception, Object)
ʾʾʶʿʼˁʾʿˁʲʶ:LogException(Exception, Object)
UnityEngine.Debug:LogException(Exception)
ʷʽʻʻʿʵˀˁʽʳʶ:ʵʶʴʷʲʼʷʿʵʿʴ(StreamReader)
ʷʽʻʻʿʵˀˁʽʳʶ:ʳʳʽʲʵʽˀʵʶʹʽ(Byte[])
ʷʽʻʻʿʵˀˁʽʳʶ:.ctor(String, Boolean)
SongEntry:ʿʲʷʹʿʳʾʳʷˀʾ(Boolean)
ʺˀʹʻˀʾʸʻʾʽʺ:ʴʽʸˁʺʺʻˀʳˀʸ(SongEntry)
ʺˀʹʻˀʾʸʻʾʽʺ:ʷʼˀʵʸʿʾʽʽʼʲ()
ʺˀʹʻˀʾʸʻʾʽʺ:ʶʳˀʵʳʽʷʿʺʼʴ()
System.Threading.ThreadHelper:ThreadStart_Context(Object)
System.Threading.ExecutionContext:RunInternal(ExecutionContext, ContextCallback, Object, Boolean)
System.Threading.ExecutionContext:Run(ExecutionContext, ContextCallback, Object, Boolean)
System.Threading.ExecutionContext:Run(ExecutionContext, ContextCallback, Object)
System.Threading.ThreadHelper:ThreadStart()

Found unexpected track name "TEMPO TRACK"
Full Scan Elapsed Time: 38.9116917
Unloading 5 Unused Serialized files (Serialized files now loaded: 0)
UnloadTime: 15.027847 ms
Loading Song: Quiet Riot (WaveGroup) - (Bang Your Head) Metal Health
Unloading 659 unused Assets to reduce memory usage. Loaded Objects now: 16863.
Total: 23.608568 ms (FindLiveObjects: 0.886875 ms CreateObjectMapping: 0.329669 ms MarkObjects: 22.108858 ms  DeleteObjects: 0.282684 ms)

Unloading 6 Unused Serialized files (Serialized files now loaded: 0)
UnloadTime: 5.334937 ms
Unloading 602 unused Assets to reduce memory usage. Loaded Objects now: 10236.
Total: 25.725372 ms (FindLiveObjects: 0.519795 ms CreateObjectMapping: 0.332619 ms MarkObjects: 24.265047 ms  DeleteObjects: 0.607506 ms)

Unloading 5 Unused Serialized files (Serialized files now loaded: 0)
UnloadTime: 6.227088 ms
Unloading 21 unused Assets to reduce memory usage. Loaded Objects now: 24488.
Total: 26.672517 ms (FindLiveObjects: 1.190985 ms CreateObjectMapping: 0.276889 ms MarkObjects: 25.129938 ms  DeleteObjects: 0.074245 ms)

Unloading 5 Unused Serialized files (Serialized files now loaded: 0)
UnloadTime: 13.959441 ms
Loading Song: System Of A Down - 36
Returned missing glyphs are correct.
Unloading 658 unused Assets to reduce memory usage. Loaded Objects now: 16869.
Total: 24.103496 ms (FindLiveObjects: 0.948980 ms CreateObjectMapping: 0.277905 ms MarkObjects: 22.576362 ms  DeleteObjects: 0.299786 ms)

Unloading 6 Unused Serialized files (Serialized files now loaded: 0)
UnloadTime: 5.686438 ms
Unloading 604 unused Assets to reduce memory usage. Loaded Objects now: 10216.
Total: 24.960807 ms (FindLiveObjects: 0.458437 ms CreateObjectMapping: 0.216827 ms MarkObjects: 23.577886 ms  DeleteObjects: 0.706651 ms)

Unloading 5 Unused Serialized files (Serialized files now loaded: 0)
UnloadTime: 5.841379 ms
Unloading 22 unused Assets to reduce memory usage. Loaded Objects now: 24491.
Total: 26.275351 ms (FindLiveObjects: 1.129469 ms CreateObjectMapping: 0.259691 ms MarkObjects: 24.813812 ms  DeleteObjects: 0.071949 ms)

Unable to add the requested character to font asset [NotoSansJP-Light SDF]'s atlas texture. Please make the texture [NotoSansJP-Light SDF Atlas] readable.
Unloading 5 Unused Serialized files (Serialized files now loaded: 0)
UnloadTime: 15.505171 ms
Loading Song: System Of A Down - A.D.D.
Returned missing glyphs are correct.
Unloading 658 unused Assets to reduce memory usage. Loaded Objects now: 16872.
Total: 23.394714 ms (FindLiveObjects: 0.686136 ms CreateObjectMapping: 0.259714 ms MarkObjects: 22.081933 ms  DeleteObjects: 0.366446 ms)

Unloading 6 Unused Serialized files (Serialized files now loaded: 0)
UnloadTime: 7.184720 ms
Unloading 604 unused Assets to reduce memory usage. Loaded Objects now: 10243.
Total: 26.226532 ms (FindLiveObjects: 0.572390 ms CreateObjectMapping: 0.261204 ms MarkObjects: 24.783279 ms  DeleteObjects: 0.609091 ms)

Unloading 5 Unused Serialized files (Serialized files now loaded: 0)
UnloadTime: 6.280758 ms
Unloading 22 unused Assets to reduce memory usage. Loaded Objects now: 24494.
Total: 28.299842 ms (FindLiveObjects: 1.123337 ms CreateObjectMapping: 0.275082 ms MarkObjects: 26.830999 ms  DeleteObjects: 0.069958 ms)

Unloading 5 Unused Serialized files (Serialized files now loaded: 0)
UnloadTime: 13.812759 ms
Loading Song: The Toasters - 2-Tone Army
Returned missing glyphs are correct.
Unloading 658 unused Assets to reduce memory usage. Loaded Objects now: 16875.
Total: 23.975531 ms (FindLiveObjects: 1.027314 ms CreateObjectMapping: 0.281193 ms MarkObjects: 22.370519 ms  DeleteObjects: 0.296069 ms)

Unloading 5 Unused Serialized files (Serialized files now loaded: 0)
UnloadTime: 6.089227 ms
Unloading 608 unused Assets to reduce memory usage. Loaded Objects now: 23722.
Total: 29.249029 ms (FindLiveObjects: 1.633722 ms CreateObjectMapping: 0.442871 ms MarkObjects: 26.338579 ms  DeleteObjects: 0.833295 ms)

Unloading 5 Unused Serialized files (Serialized files now loaded: 0)
UnloadTime: 16.277695 ms
Loading Song: System Of A Down - Mr. Jack
Returned missing glyphs are correct.
Unloading 658 unused Assets to reduce memory usage. Loaded Objects now: 16879.
Total: 23.741054 ms (FindLiveObjects: 0.792448 ms CreateObjectMapping: 0.267294 ms MarkObjects: 22.364630 ms  DeleteObjects: 0.316198 ms)

Unloading 5 Unused Serialized files (Serialized files now loaded: 0)
UnloadTime: 5.976490 ms
Unloading 609 unused Assets to reduce memory usage. Loaded Objects now: 23725.
Total: 27.498721 ms (FindLiveObjects: 1.180344 ms CreateObjectMapping: 0.367922 ms MarkObjects: 25.391923 ms  DeleteObjects: 0.557936 ms)

Unloading 5 Unused Serialized files (Serialized files now loaded: 0)
UnloadTime: 14.075547 ms
Loading Song: System Of A Down - Mr. Jack
Returned missing glyphs are correct.
Unloading 658 unused Assets to reduce memory usage. Loaded Objects now: 16882.
Total: 26.418309 ms (FindLiveObjects: 0.755043 ms CreateObjectMapping: 0.274026 ms MarkObjects: 25.101591 ms  DeleteObjects: 0.287235 ms)

Unloading 6 Unused Serialized files (Serialized files now loaded: 0)
UnloadTime: 5.599508 ms
Unloading 604 unused Assets to reduce memory usage. Loaded Objects now: 10253.
Total: 25.015547 ms (FindLiveObjects: 0.537139 ms CreateObjectMapping: 0.320420 ms MarkObjects: 23.512600 ms  DeleteObjects: 0.644864 ms)

Unloading 5 Unused Serialized files (Serialized files now loaded: 0)
UnloadTime: 6.092129 ms
Unloading 23 unused Assets to reduce memory usage. Loaded Objects now: 24503.
Total: 26.793996 ms (FindLiveObjects: 1.183436 ms CreateObjectMapping: 0.332489 ms MarkObjects: 25.175833 ms  DeleteObjects: 0.101765 ms)

Unloading 5 Unused Serialized files (Serialized files now loaded: 0)
UnloadTime: 13.702842 ms
Loading Song: Suicidal Tendencies (WaveGroup) - Institutionalized
Unloading 657 unused Assets to reduce memory usage. Loaded Objects now: 16879.
Total: 26.664348 ms (FindLiveObjects: 0.759545 ms CreateObjectMapping: 0.329135 ms MarkObjects: 25.126598 ms  DeleteObjects: 0.448388 ms)

Disposed of memorymapped file
Disposed of memorymapped file
Disposed of memorymapped file
Disposed of memorymapped file
Disposed of memorymapped file
Disposed of memorymapped file
Disposed of memorymapped file
Disposed of memorymapped file
Disposed of memorymapped file
Disposed of memorymapped file
Disposed of memorymapped file
Disposed of memorymapped file
Disposed of memorymapped file
Disposed of memorymapped file
Disposed of memorymapped file
Disposed of memorymapped file
Disposed of memorymapped file
Uploading Crash Report
Uploading Crash Report
Vulkan PSO: data extracted [new size=616172, old size=616172, incomplete=0]
Vulkan PSO: Pipeline cache has not changed skipping save handle[39057910]
Curl error 42: Callback aborted
Curl error 42: Callback aborted
Memory Statistics:
[ALLOC_TEMP_TLS] TLS Allocator
  StackAllocators : 
    [ALLOC_TEMP_MAIN]
      Peak usage frame count: [0-1.0 KB]: 2967 frames, [2.0 KB-4.0 KB]: 457336 frames, [4.0 KB-8.0 KB]: 5600 frames, [8.0 KB-16.0 KB]: 38 frames, [16.0 KB-32.0 KB]: 3568 frames, [32.0 KB-64.0 KB]: 5915 frames, [64.0 KB-128.0 KB]: 12 frames, [256.0 KB-0.5 MB]: 13 frames, [0.5 MB-1.0 MB]: 1 frames, [1.0 MB-2.0 MB]: 16 frames, [2.0 MB-4.0 MB]: 11 frames
      Initial Block Size 4.0 MB
      Current Block Size 4.0 MB
      Peak Allocated Bytes 2.3 MB
      Overflow Count 0
    [ALLOC_TEMP_Loading.AsyncRead]
      Initial Block Size 64.0 KB
      Current Block Size 64.0 KB
      Peak Allocated Bytes 168 B
      Overflow Count 0
    [ALLOC_TEMP_Loading.PreloadManager]
      Initial Block Size 256.0 KB
      Current Block Size 508.0 KB
      Peak Allocated Bytes 313.2 KB
      Overflow Count 110
    [ALLOC_TEMP_Background Job.Worker 8]
      Initial Block Size 32.0 KB
      Current Block Size 32.0 KB
      Peak Allocated Bytes 66 B
      Overflow Count 0
    [ALLOC_TEMP_Job.Worker 6]
      Initial Block Size 256.0 KB
      Current Block Size 256.0 KB
      Peak Allocated Bytes 53.6 KB
      Overflow Count 0
    [ALLOC_TEMP_Job.Worker 0]
      Initial Block Size 256.0 KB
      Current Block Size 256.0 KB
      Peak Allocated Bytes 53.4 KB
      Overflow Count 0
    [ALLOC_TEMP_Background Job.Worker 10]
      Initial Block Size 32.0 KB
      Current Block Size 32.0 KB
      Peak Allocated Bytes 66 B
      Overflow Count 0
    [ALLOC_TEMP_Background Job.Worker 9]
      Initial Block Size 32.0 KB
      Current Block Size 32.0 KB
      Peak Allocated Bytes 66 B
      Overflow Count 0
    [ALLOC_TEMP_Job.Worker 5]
      Initial Block Size 256.0 KB
      Current Block Size 256.0 KB
      Peak Allocated Bytes 54.3 KB
      Overflow Count 0
    [ALLOC_TEMP_Background Job.Worker 14]
      Initial Block Size 32.0 KB
      Current Block Size 32.0 KB
      Peak Allocated Bytes 66 B
      Overflow Count 0
    [ALLOC_TEMP_Background Job.Worker 6]
      Initial Block Size 32.0 KB
      Current Block Size 32.0 KB
      Peak Allocated Bytes 66 B
      Overflow Count 0
    [ALLOC_TEMP_Job.Worker 4]
      Initial Block Size 256.0 KB
      Current Block Size 256.0 KB
      Peak Allocated Bytes 51.5 KB
      Overflow Count 0
    [ALLOC_TEMP_Job.Worker 3]
      Initial Block Size 256.0 KB
      Current Block Size 256.0 KB
      Peak Allocated Bytes 52.9 KB
      Overflow Count 0
    [ALLOC_TEMP_Background Job.Worker 12]
      Initial Block Size 32.0 KB
      Current Block Size 32.0 KB
      Peak Allocated Bytes 66 B
      Overflow Count 0
    [ALLOC_TEMP_EnlightenWorker] x 6
      Initial Block Size 64.0 KB
      Current Block Size 64.0 KB
      Peak Allocated Bytes 0 B
      Overflow Count 0
    [ALLOC_TEMP_Background Job.Worker 15]
      Initial Block Size 32.0 KB
      Current Block Size 32.0 KB
      Peak Allocated Bytes 66 B
      Overflow Count 0
    [ALLOC_TEMP_Background Job.Worker 1]
      Initial Block Size 32.0 KB
      Current Block Size 32.0 KB
      Peak Allocated Bytes 66 B
      Overflow Count 0
    [ALLOC_TEMP_Background Job.Worker 2]
      Initial Block Size 32.0 KB
      Current Block Size 32.0 KB
      Peak Allocated Bytes 66 B
      Overflow Count 0
    [ALLOC_TEMP_Background Job.Worker 7]
      Initial Block Size 32.0 KB
      Current Block Size 32.0 KB
      Peak Allocated Bytes 66 B
      Overflow Count 0
    [ALLOC_TEMP_UnityGfxDeviceWorker]
      Initial Block Size 256.0 KB
      Current Block Size 256.0 KB
      Peak Allocated Bytes 39.1 KB
      Overflow Count 0
    [ALLOC_TEMP_AssetGarbageCollectorHelper] x 11
      Initial Block Size 64.0 KB
      Current Block Size 64.0 KB
      Peak Allocated Bytes 0 B
      Overflow Count 0
    [ALLOC_TEMP_Background Job.Worker 5]
      Initial Block Size 32.0 KB
      Current Block Size 32.0 KB
      Peak Allocated Bytes 66 B
      Overflow Count 0
    [ALLOC_TEMP_Job.Worker 9]
      Initial Block Size 256.0 KB
      Current Block Size 256.0 KB
      Peak Allocated Bytes 53.3 KB
      Overflow Count 0
    [ALLOC_TEMP_Background Job.Worker 13]
      Initial Block Size 32.0 KB
      Current Block Size 32.0 KB
      Peak Allocated Bytes 66 B
      Overflow Count 0
    [ALLOC_TEMP_Job.Worker 8]
      Initial Block Size 256.0 KB
      Current Block Size 256.0 KB
      Peak Allocated Bytes 54.8 KB
      Overflow Count 0
    [ALLOC_TEMP_Job.Worker 7]
      Initial Block Size 256.0 KB
      Current Block Size 256.0 KB
      Peak Allocated Bytes 52.7 KB
      Overflow Count 0
    [ALLOC_TEMP_Job.Worker 1]
      Initial Block Size 256.0 KB
      Current Block Size 256.0 KB
      Peak Allocated Bytes 53.5 KB
      Overflow Count 0
    [ALLOC_TEMP_Job.Worker 2]
      Initial Block Size 256.0 KB
      Current Block Size 256.0 KB
      Peak Allocated Bytes 54.8 KB
      Overflow Count 0
    [ALLOC_TEMP_Background Job.Worker 3]
      Initial Block Size 32.0 KB
      Current Block Size 32.0 KB
      Peak Allocated Bytes 66 B
      Overflow Count 0
    [ALLOC_TEMP_Background Job.Worker 11]
      Initial Block Size 32.0 KB
      Current Block Size 32.0 KB
      Peak Allocated Bytes 66 B
      Overflow Count 0
    [ALLOC_TEMP_Job.Worker 10]
      Initial Block Size 256.0 KB
      Current Block Size 256.0 KB
      Peak Allocated Bytes 54.8 KB
      Overflow Count 0
    [ALLOC_TEMP_Background Job.Worker 0]
      Initial Block Size 32.0 KB
      Current Block Size 32.0 KB
      Peak Allocated Bytes 112 B
      Overflow Count 1
    [ALLOC_TEMP_CloudJob.Worker 0]
      Initial Block Size 32.0 KB
      Current Block Size 32.0 KB
      Peak Allocated Bytes 3.3 KB
      Overflow Count 0
    [ALLOC_TEMP_Background Job.Worker 4]
      Initial Block Size 32.0 KB
      Current Block Size 32.0 KB
      Peak Allocated Bytes 66 B
      Overflow Count 0
    [ALLOC_TEMP_BatchDeleteObjects]
      Initial Block Size 64.0 KB
      Current Block Size 64.0 KB
      Peak Allocated Bytes 0 B
      Overflow Count 0
[ALLOC_DEFAULT] Dual Thread Allocator
  Peak main deferred allocation count 8914
    [ALLOC_BUCKET]
      Large Block size 4.0 MB
      Used Block count 1
      Peak Allocated bytes 3.9 MB
      Failed Allocations. Bucket layout:
        16B: 18 Subsections = 18432 buckets. Failed count: 50083
        32B: 18 Subsections = 9216 buckets. Failed count: 75538
        48B: 39 Subsections = 13312 buckets. Failed count: 4161
        64B: 90 Subsections = 23040 buckets. Failed count: 63820
        80B: 27 Subsections = 5529 buckets. Failed count: 43
        96B: 6 Subsections = 1024 buckets. Failed count: 43699
        112B: 15 Subsections = 2194 buckets. Failed count: 251847
        128B: 43 Subsections = 5504 buckets. Failed count: 5665
    [ALLOC_DEFAULT_MAIN]
      Peak usage frame count: [16.0 MB-32.0 MB]: 2975 frames, [32.0 MB-64.0 MB]: 472502 frames
      Requested Block Size 16.0 MB
      Peak Block count 3
      Peak Allocated memory 39.6 MB
      Peak Large allocation bytes 0 B
    [ALLOC_DEFAULT_THREAD]
      Peak usage frame count: [8.0 MB-16.0 MB]: 2891 frames, [16.0 MB-32.0 MB]: 472586 frames
      Requested Block Size 16.0 MB
      Peak Block count 2
      Peak Allocated memory 31.5 MB
      Peak Large allocation bytes 16.0 MB
[ALLOC_TEMP_JOB_1_FRAME]
  Initial Block Size 2.0 MB
  Used Block Count 1
  Overflow Count (too large) 0
  Overflow Count (full) 0
[ALLOC_TEMP_JOB_2_FRAMES]
  Initial Block Size 2.0 MB
  Used Block Count 1
  Overflow Count (too large) 0
  Overflow Count (full) 0
[ALLOC_TEMP_JOB_4_FRAMES (JobTemp)]
  Initial Block Size 2.0 MB
  Used Block Count 2
  Overflow Count (too large) 0
  Overflow Count (full) 0
[ALLOC_TEMP_JOB_ASYNC (Background)]
  Initial Block Size 1.0 MB
  Used Block Count 3
  Overflow Count (too large) 0
  Overflow Count (full) 0
[ALLOC_GFX] Dual Thread Allocator
  Peak main deferred allocation count 355
    [ALLOC_BUCKET]
      Large Block size 4.0 MB
      Used Block count 1
      Peak Allocated bytes 3.9 MB
      Failed Allocations. Bucket layout:
        16B: 18 Subsections = 18432 buckets. Failed count: 50083
        32B: 18 Subsections = 9216 buckets. Failed count: 75538
        48B: 39 Subsections = 13312 buckets. Failed count: 4161
        64B: 90 Subsections = 23040 buckets. Failed count: 63820
        80B: 27 Subsections = 5529 buckets. Failed count: 43
        96B: 6 Subsections = 1024 buckets. Failed count: 43699
        112B: 15 Subsections = 2194 buckets. Failed count: 251847
        128B: 43 Subsections = 5504 buckets. Failed count: 5665
    [ALLOC_GFX_MAIN]
      Peak usage frame count: [32.0 KB-64.0 KB]: 2968 frames, [64.0 KB-128.0 KB]: 5 frames, [128.0 KB-256.0 KB]: 1 frames, [2.0 MB-4.0 MB]: 1 frames, [8.0 MB-16.0 MB]: 2016 frames, [16.0 MB-32.0 MB]: 386593 frames, [32.0 MB-64.0 MB]: 83893 frames
      Requested Block Size 16.0 MB
      Peak Block count 5
      Peak Allocated memory 39.5 MB
      Peak Large allocation bytes 0 B
    [ALLOC_GFX_THREAD]
      Peak usage frame count: [8.0 MB-16.0 MB]: 2752 frames, [16.0 MB-32.0 MB]: 10 frames, [32.0 MB-64.0 MB]: 472715 frames
      Requested Block Size 16.0 MB
      Peak Block count 3
      Peak Allocated memory 41.1 MB
      Peak Large allocation bytes 0 B
[ALLOC_CACHEOBJECTS] Dual Thread Allocator
  Peak main deferred allocation count 613
    [ALLOC_BUCKET]
      Large Block size 4.0 MB
      Used Block count 1
      Peak Allocated bytes 3.9 MB
      Failed Allocations. Bucket layout:
        16B: 18 Subsections = 18432 buckets. Failed count: 50083
        32B: 18 Subsections = 9216 buckets. Failed count: 75538
        48B: 39 Subsections = 13312 buckets. Failed count: 4161
        64B: 90 Subsections = 23040 buckets. Failed count: 63820
        80B: 27 Subsections = 5529 buckets. Failed count: 43
        96B: 6 Subsections = 1024 buckets. Failed count: 43699
        112B: 15 Subsections = 2194 buckets. Failed count: 251847
        128B: 43 Subsections = 5504 buckets. Failed count: 5665
    [ALLOC_CACHEOBJECTS_MAIN]
      Peak usage frame count: [2.0 MB-4.0 MB]: 475477 frames
      Requested Block Size 4.0 MB
      Peak Block count 2
      Peak Allocated memory 3.5 MB
      Peak Large allocation bytes 0 B
    [ALLOC_CACHEOBJECTS_THREAD]
      Peak usage frame count: [32.0 MB-64.0 MB]: 2770 frames, [64.0 MB-128.0 MB]: 472707 frames
      Requested Block Size 4.0 MB
      Peak Block count 5
      Peak Allocated memory 83.5 MB
      Peak Large allocation bytes 67.4 MB
[ALLOC_TYPETREE] Dual Thread Allocator
  Peak main deferred allocation count 0
    [ALLOC_BUCKET]
      Large Block size 4.0 MB
      Used Block count 1
      Peak Allocated bytes 3.9 MB
      Failed Allocations. Bucket layout:
        16B: 18 Subsections = 18432 buckets. Failed count: 50083
        32B: 18 Subsections = 9216 buckets. Failed count: 75538
        48B: 39 Subsections = 13312 buckets. Failed count: 4161
        64B: 90 Subsections = 23040 buckets. Failed count: 63820
        80B: 27 Subsections = 5529 buckets. Failed count: 43
        96B: 6 Subsections = 1024 buckets. Failed count: 43699
        112B: 15 Subsections = 2194 buckets. Failed count: 251847
        128B: 43 Subsections = 5504 buckets. Failed count: 5665
    [ALLOC_TYPETREE_MAIN]
      Peak usage frame count: [0-1.0 KB]: 2975 frames, [4.0 KB-8.0 KB]: 1372 frames, [16.0 KB-32.0 KB]: 471130 frames
      Requested Block Size 2.0 MB
      Peak Block count 1
      Peak Allocated memory 24.5 KB
      Peak Large allocation bytes 0 B
    [ALLOC_TYPETREE_THREAD]
      Peak usage frame count: [256.0 KB-0.5 MB]: 475477 frames
      Requested Block Size 2.0 MB
      Peak Block count 1
      Peak Allocated memory 314.4 KB
      Peak Large allocation bytes 0 B
