Processor: Intel(R) Core(TM) i5-10400F CPU @ 2.90GHz, 12 core(s) @ 4000 MHz 
Available Memory: 15847 MB 
Linux Kernel and distribution: Linux 7.0 Arch Linux  64bit
System Language: en_US
Keyboard Layout: us
Selected window backend: x11 
Mono path[0] = '/opt/yarg/YARG_Data/Managed'
Mono config path = '/opt/yarg/YARG_Data/MonoBleedingEdge/etc'
Input System module state changed to: Initialized.
Display 0 'DP-1 27"': 1920x1080 (primary device).
Display 1 'DP-2 28"': 2327x1309 (secondary device).
[Physics::Module] Initialized fallback backend.
[Physics::Module] Id: 0xdecafbad
Desktop is 1920 x 1080 @ 165 Hz
[Vulkan init] extensions: count=25
[Vulkan init] extensions: name=VK_EXT_acquire_drm_display [enabled=0, external=0]
[Vulkan init] extensions: name=VK_EXT_acquire_xlib_display [enabled=0, external=0]
[Vulkan init] extensions: name=VK_EXT_debug_report [enabled=0, external=0]
[Vulkan init] extensions: name=VK_EXT_debug_utils [enabled=0, external=0]
[Vulkan init] extensions: name=VK_EXT_direct_mode_display [enabled=0, external=0]
[Vulkan init] extensions: name=VK_EXT_display_surface_counter [enabled=0, external=0]
[Vulkan init] extensions: name=VK_EXT_surface_maintenance1 [enabled=0, external=0]
[Vulkan init] extensions: name=VK_EXT_swapchain_colorspace [enabled=1, external=0]
[Vulkan init] extensions: name=VK_KHR_device_group_creation [enabled=0, external=0]
[Vulkan init] extensions: name=VK_KHR_display [enabled=1, external=0]
[Vulkan init] extensions: name=VK_KHR_external_fence_capabilities [enabled=1, external=0]
[Vulkan init] extensions: name=VK_KHR_external_memory_capabilities [enabled=1, external=0]
[Vulkan init] extensions: name=VK_KHR_external_semaphore_capabilities [enabled=1, external=0]
[Vulkan init] extensions: name=VK_KHR_get_display_properties2 [enabled=0, external=0]
[Vulkan init] extensions: name=VK_KHR_get_physical_device_properties2 [enabled=1, external=0]
[Vulkan init] extensions: name=VK_KHR_get_surface_capabilities2 [enabled=0, external=0]
[Vulkan init] extensions: name=VK_KHR_portability_enumeration [enabled=0, external=0]
[Vulkan init] extensions: name=VK_KHR_surface [enabled=1, external=0]
[Vulkan init] extensions: name=VK_KHR_surface_maintenance1 [enabled=0, external=0]
[Vulkan init] extensions: name=VK_KHR_surface_protected_capabilities [enabled=0, external=0]
[Vulkan init] extensions: name=VK_KHR_wayland_surface [enabled=1, external=0]
[Vulkan init] extensions: name=VK_KHR_xcb_surface [enabled=0, external=0]
[Vulkan init] extensions: name=VK_KHR_xlib_surface [enabled=1, external=0]
[Vulkan init] extensions: name=VK_LUNARG_direct_driver_loading [enabled=0, external=0]
[Vulkan init] extensions: name=VK_NV_display_stereo [enabled=0, external=0]
[Vulkan init] SelectPhysicalDevice requestedDeviceIndex=-1 xrDevice=(nil)
[Vulkan init] Physical Device 0x2ef4afd0 [0]: "NVIDIA GeForce RTX 3060" deviceType=2 vendorID=10de deviceID=2504
Vulkan detection: 2
Initialize engine version: 6000.2.12f1 (e89d5df0e333)
[Subsystems] Discovering subsystems at path /opt/yarg/YARG_Data/UnitySubsystems
GfxDevice: creating device client; kGfxThreadingModeClientWorkerNativeJobs
[Vulkan init] extensions: count=25
[Vulkan init] extensions: name=VK_EXT_acquire_drm_display [enabled=0, external=0]
[Vulkan init] extensions: name=VK_EXT_acquire_xlib_display [enabled=0, external=0]
[Vulkan init] extensions: name=VK_EXT_debug_report [enabled=0, external=0]
[Vulkan init] extensions: name=VK_EXT_debug_utils [enabled=0, external=0]
[Vulkan init] extensions: name=VK_EXT_direct_mode_display [enabled=0, external=0]
[Vulkan init] extensions: name=VK_EXT_display_surface_counter [enabled=0, external=0]
[Vulkan init] extensions: name=VK_EXT_surface_maintenance1 [enabled=0, external=0]
[Vulkan init] extensions: name=VK_EXT_swapchain_colorspace [enabled=1, external=0]
[Vulkan init] extensions: name=VK_KHR_device_group_creation [enabled=0, external=0]
[Vulkan init] extensions: name=VK_KHR_display [enabled=1, external=0]
[Vulkan init] extensions: name=VK_KHR_external_fence_capabilities [enabled=1, external=0]
[Vulkan init] extensions: name=VK_KHR_external_memory_capabilities [enabled=1, external=0]
[Vulkan init] extensions: name=VK_KHR_external_semaphore_capabilities [enabled=1, external=0]
[Vulkan init] extensions: name=VK_KHR_get_display_properties2 [enabled=0, external=0]
[Vulkan init] extensions: name=VK_KHR_get_physical_device_properties2 [enabled=1, external=0]
[Vulkan init] extensions: name=VK_KHR_get_surface_capabilities2 [enabled=0, external=0]
[Vulkan init] extensions: name=VK_KHR_portability_enumeration [enabled=0, external=0]
[Vulkan init] extensions: name=VK_KHR_surface [enabled=1, external=0]
[Vulkan init] extensions: name=VK_KHR_surface_maintenance1 [enabled=0, external=0]
[Vulkan init] extensions: name=VK_KHR_surface_protected_capabilities [enabled=0, external=0]
[Vulkan init] extensions: name=VK_KHR_wayland_surface [enabled=1, external=0]
[Vulkan init] extensions: name=VK_KHR_xcb_surface [enabled=0, external=0]
[Vulkan init] extensions: name=VK_KHR_xlib_surface [enabled=1, external=0]
[Vulkan init] extensions: name=VK_LUNARG_direct_driver_loading [enabled=0, external=0]
[Vulkan init] extensions: name=VK_NV_display_stereo [enabled=0, external=0]
[Vulkan init] SelectPhysicalDevice requestedDeviceIndex=-1 xrDevice=(nil)
[Vulkan init] Physical Device 0x2ee882e0 [0]: "NVIDIA GeForce RTX 3060" deviceType=2 vendorID=10de deviceID=2504
[Vulkan init] Selected physical device 0x2ee882e0
[Vulkan init] Graphics queue count=1
[Vulkan init] extensions: count=273
[Vulkan init] extensions: name=VK_AMD_buffer_marker [enabled=0, external=0]
[Vulkan init] extensions: name=VK_EXT_4444_formats [enabled=1, external=0]
[Vulkan init] extensions: name=VK_EXT_attachment_feedback_loop_dynamic_state [enabled=0, external=0]
[Vulkan init] extensions: name=VK_EXT_attachment_feedback_loop_layout [enabled=0, external=0]
[Vulkan init] extensions: name=VK_EXT_blend_operation_advanced [enabled=0, external=0]
[Vulkan init] extensions: name=VK_EXT_border_color_swizzle [enabled=0, external=0]
[Vulkan init] extensions: name=VK_EXT_buffer_device_address [enabled=0, external=0]
[Vulkan init] extensions: name=VK_EXT_calibrated_timestamps [enabled=0, external=0]
[Vulkan init] extensions: name=VK_EXT_color_write_enable [enabled=0, external=0]
[Vulkan init] extensions: name=VK_EXT_conditional_rendering [enabled=0, external=0]
[Vulkan init] extensions: name=VK_EXT_conservative_rasterization [enabled=1, external=0]
[Vulkan init] extensions: name=VK_EXT_custom_border_color [enabled=0, external=0]
[Vulkan init] extensions: name=VK_EXT_custom_resolve [enabled=0, external=0]
[Vulkan init] extensions: name=VK_EXT_depth_bias_control [enabled=0, external=0]
[Vulkan init] extensions: name=VK_EXT_depth_clamp_control [enabled=0, external=0]
[Vulkan init] extensions: name=VK_EXT_depth_clamp_zero_one [enabled=0, external=0]
[Vulkan init] extensions: name=VK_EXT_depth_clip_control [enabled=0, external=0]
[Vulkan init] extensions: name=VK_EXT_depth_clip_enable [enabled=0, external=0]
[Vulkan init] extensions: name=VK_EXT_depth_range_unrestricted [enabled=0, external=0]
[Vulkan init] extensions: name=VK_EXT_descriptor_buffer [enabled=0, external=0]
[Vulkan init] extensions: name=VK_EXT_descriptor_heap [enabled=0, external=0]
[Vulkan init] extensions: name=VK_EXT_descriptor_indexing [enabled=0, external=0]
[Vulkan init] extensions: name=VK_EXT_device_address_binding_report [enabled=0, external=0]
[Vulkan init] extensions: name=VK_EXT_device_fault [enabled=0, external=0]
[Vulkan init] extensions: name=VK_EXT_device_generated_commands [enabled=0, external=0]
[Vulkan init] extensions: name=VK_EXT_discard_rectangles [enabled=0, external=0]
[Vulkan init] extensions: name=VK_EXT_display_control [enabled=0, external=0]
[Vulkan init] extensions: name=VK_EXT_dynamic_rendering_unused_attachments [enabled=0, external=0]
[Vulkan init] extensions: name=VK_EXT_extended_dynamic_state [enabled=0, external=0]
[Vulkan init] extensions: name=VK_EXT_extended_dynamic_state2 [enabled=0, external=0]
[Vulkan init] extensions: name=VK_EXT_extended_dynamic_state3 [enabled=0, external=0]
[Vulkan init] extensions: name=VK_EXT_external_memory_dma_buf [enabled=0, external=0]
[Vulkan init] extensions: name=VK_EXT_external_memory_host [enabled=1, external=0]
[Vulkan init] extensions: name=VK_EXT_fragment_shader_interlock [enabled=0, external=0]
[Vulkan init] extensions: name=VK_EXT_global_priority [enabled=0, external=0]
[Vulkan init] extensions: name=VK_EXT_global_priority_query [enabled=0, external=0]
[Vulkan init] extensions: name=VK_EXT_graphics_pipeline_library [enabled=0, external=0]
[Vulkan init] extensions: name=VK_EXT_hdr_metadata [enabled=1, external=0]
[Vulkan init] extensions: name=VK_EXT_host_image_copy [enabled=0, external=0]
[Vulkan init] extensions: name=VK_EXT_host_query_reset [enabled=0, external=0]
[Vulkan init] extensions: name=VK_EXT_image_2d_view_of_3d [enabled=0, external=0]
[Vulkan init] extensions: name=VK_EXT_image_drm_format_modifier [enabled=0, external=0]
[Vulkan init] extensions: name=VK_EXT_image_robustness [enabled=0, external=0]
[Vulkan init] extensions: name=VK_EXT_image_sliced_view_of_3d [enabled=0, external=0]
[Vulkan init] extensions: name=VK_EXT_image_view_min_lod [enabled=0, external=0]
[Vulkan init] extensions: name=VK_EXT_index_type_uint8 [enabled=0, external=0]
[Vulkan init] extensions: name=VK_EXT_inline_uniform_block [enabled=0, external=0]
[Vulkan init] extensions: name=VK_EXT_legacy_vertex_attributes [enabled=0, external=0]
[Vulkan init] extensions: name=VK_EXT_line_rasterization [enabled=0, external=0]
[Vulkan init] extensions: name=VK_EXT_load_store_op_none [enabled=1, external=0]
[Vulkan init] extensions: name=VK_EXT_map_memory_placed [enabled=0, external=0]
[Vulkan init] extensions: name=VK_EXT_memory_budget [enabled=1, external=0]
[Vulkan init] extensions: name=VK_EXT_memory_decompression [enabled=0, external=0]
[Vulkan init] extensions: name=VK_EXT_memory_priority [enabled=1, external=0]
[Vulkan init] extensions: name=VK_EXT_mesh_shader [enabled=0, external=0]
[Vulkan init] extensions: name=VK_EXT_multi_draw [enabled=0, external=0]
[Vulkan init] extensions: name=VK_EXT_mutable_descriptor_type [enabled=0, external=0]
[Vulkan init] extensions: name=VK_EXT_nested_command_buffer [enabled=0, external=0]
[Vulkan init] extensions: name=VK_EXT_non_seamless_cube_map [enabled=0, external=0]
[Vulkan init] extensions: name=VK_EXT_opacity_micromap [enabled=0, external=0]
[Vulkan init] extensions: name=VK_EXT_pageable_device_local_memory [enabled=0, external=0]
[Vulkan init] extensions: name=VK_EXT_pci_bus_info [enabled=0, external=0]
[Vulkan init] extensions: name=VK_EXT_physical_device_drm [enabled=0, external=0]
[Vulkan init] extensions: name=VK_EXT_pipeline_creation_cache_control [enabled=0, external=0]
[Vulkan init] extensions: name=VK_EXT_pipeline_creation_feedback [enabled=0, external=0]
[Vulkan init] extensions: name=VK_EXT_pipeline_library_group_handles [enabled=0, external=0]
[Vulkan init] extensions: name=VK_EXT_pipeline_robustness [enabled=0, external=0]
[Vulkan init] extensions: name=VK_EXT_post_depth_coverage [enabled=0, external=0]
[Vulkan init] extensions: name=VK_EXT_present_mode_fifo_latest_ready [enabled=0, external=0]
[Vulkan init] extensions: name=VK_EXT_present_timing [enabled=0, external=0]
[Vulkan init] extensions: name=VK_EXT_primitive_topology_list_restart [enabled=0, external=0]
[Vulkan init] extensions: name=VK_EXT_primitives_generated_query [enabled=0, external=0]
[Vulkan init] extensions: name=VK_EXT_private_data [enabled=0, external=0]
[Vulkan init] extensions: name=VK_EXT_provoking_vertex [enabled=0, external=0]
[Vulkan init] extensions: name=VK_EXT_queue_family_foreign [enabled=1, external=0]
[Vulkan init] extensions: name=VK_EXT_ray_tracing_invocation_reorder [enabled=0, external=0]
[Vulkan init] extensions: name=VK_EXT_robustness2 [enabled=0, external=0]
[Vulkan init] extensions: name=VK_EXT_sample_locations [enabled=0, external=0]
[Vulkan init] extensions: name=VK_EXT_sampler_filter_minmax [enabled=0, external=0]
[Vulkan init] extensions: name=VK_EXT_scalar_block_layout [enabled=1, external=0]
[Vulkan init] extensions: name=VK_EXT_separate_stencil_usage [enabled=0, external=0]
[Vulkan init] extensions: name=VK_EXT_shader_64bit_indexing [enabled=0, external=0]
[Vulkan init] extensions: name=VK_EXT_shader_atomic_float [enabled=0, external=0]
[Vulkan init] extensions: name=VK_EXT_shader_demote_to_helper_invocation [enabled=0, external=0]
[Vulkan init] extensions: name=VK_EXT_shader_image_atomic_int64 [enabled=0, external=0]
[Vulkan init] extensions: name=VK_EXT_shader_module_identifier [enabled=0, external=0]
[Vulkan init] extensions: name=VK_EXT_shader_object [enabled=0, external=0]
[Vulkan init] extensions: name=VK_EXT_shader_replicated_composites [enabled=0, external=0]
[Vulkan init] extensions: name=VK_EXT_shader_subgroup_ballot [enabled=0, external=0]
[Vulkan init] extensions: name=VK_EXT_shader_subgroup_vote [enabled=0, external=0]
[Vulkan init] extensions: name=VK_EXT_shader_uniform_buffer_unsized_array [enabled=0, external=0]
[Vulkan init] extensions: name=VK_EXT_shader_viewport_index_layer [enabled=1, external=0]
[Vulkan init] extensions: name=VK_EXT_subgroup_size_control [enabled=0, external=0]
[Vulkan init] extensions: name=VK_EXT_swapchain_maintenance1 [enabled=0, external=0]
[Vulkan init] extensions: name=VK_EXT_texel_buffer_alignment [enabled=0, external=0]
[Vulkan init] extensions: name=VK_EXT_tooling_info [enabled=0, external=0]
[Vulkan init] extensions: name=VK_EXT_transform_feedback [enabled=0, external=0]
[Vulkan init] extensions: name=VK_EXT_vertex_attribute_divisor [enabled=0, external=0]
[Vulkan init] extensions: name=VK_EXT_vertex_attribute_robustness [enabled=0, external=0]
[Vulkan init] extensions: name=VK_EXT_vertex_input_dynamic_state [enabled=1, external=0]
[Vulkan init] extensions: name=VK_EXT_ycbcr_2plane_444_formats [enabled=0, external=0]
[Vulkan init] extensions: name=VK_EXT_ycbcr_image_arrays [enabled=0, external=0]
[Vulkan init] extensions: name=VK_EXT_zero_initialize_device_memory [enabled=0, external=0]
[Vulkan init] extensions: name=VK_GOOGLE_hlsl_functionality1 [enabled=0, external=0]
[Vulkan init] extensions: name=VK_GOOGLE_user_type [enabled=0, external=0]
[Vulkan init] extensions: name=VK_KHR_16bit_storage [enabled=1, external=0]
[Vulkan init] extensions: name=VK_KHR_8bit_storage [enabled=0, external=0]
[Vulkan init] extensions: name=VK_KHR_acceleration_structure [enabled=0, external=0]
[Vulkan init] extensions: name=VK_KHR_bind_memory2 [enabled=1, external=0]
[Vulkan init] extensions: name=VK_KHR_buffer_device_address [enabled=0, external=0]
[Vulkan init] extensions: name=VK_KHR_calibrated_timestamps [enabled=0, external=0]
[Vulkan init] extensions: name=VK_KHR_compute_shader_derivatives [enabled=0, external=0]
[Vulkan init] extensions: name=VK_KHR_cooperative_matrix [enabled=0, external=0]
[Vulkan init] extensions: name=VK_KHR_copy_commands2 [enabled=0, external=0]
[Vulkan init] extensions: name=VK_KHR_copy_memory_indirect [enabled=0, external=0]
[Vulkan init] extensions: name=VK_KHR_create_renderpass2 [enabled=1, external=0]
[Vulkan init] extensions: name=VK_KHR_dedicated_allocation [enabled=1, external=0]
[Vulkan init] extensions: name=VK_KHR_deferred_host_operations [enabled=0, external=0]
[Vulkan init] extensions: name=VK_KHR_depth_clamp_zero_one [enabled=0, external=0]
[Vulkan init] extensions: name=VK_KHR_depth_stencil_resolve [enabled=1, external=0]
[Vulkan init] extensions: name=VK_KHR_descriptor_update_template [enabled=1, external=0]
[Vulkan init] extensions: name=VK_KHR_device_group [enabled=0, external=0]
[Vulkan init] extensions: name=VK_KHR_draw_indirect_count [enabled=0, external=0]
[Vulkan init] extensions: name=VK_KHR_driver_properties [enabled=1, external=0]
[Vulkan init] extensions: name=VK_KHR_dynamic_rendering [enabled=0, external=0]
[Vulkan init] extensions: name=VK_KHR_dynamic_rendering_local_read [enabled=0, external=0]
[Vulkan init] extensions: name=VK_KHR_external_fence [enabled=1, external=0]
[Vulkan init] extensions: name=VK_KHR_external_fence_fd [enabled=1, external=0]
[Vulkan init] extensions: name=VK_KHR_external_memory [enabled=1, external=0]
[Vulkan init] extensions: name=VK_KHR_external_memory_fd [enabled=1, external=0]
[Vulkan init] extensions: name=VK_KHR_external_semaphore [enabled=1, external=0]
[Vulkan init] extensions: name=VK_KHR_external_semaphore_fd [enabled=1, external=0]
[Vulkan init] extensions: name=VK_KHR_format_feature_flags2 [enabled=0, external=0]
[Vulkan init] extensions: name=VK_KHR_fragment_shader_barycentric [enabled=0, external=0]
[Vulkan init] extensions: name=VK_KHR_fragment_shading_rate [enabled=1, external=0]
[Vulkan init] extensions: name=VK_KHR_get_memory_requirements2 [enabled=1, external=0]
[Vulkan init] extensions: name=VK_KHR_global_priority [enabled=0, external=0]
[Vulkan init] extensions: name=VK_KHR_image_format_list [enabled=1, external=0]
[Vulkan init] extensions: name=VK_KHR_imageless_framebuffer [enabled=0, external=0]
[Vulkan init] extensions: name=VK_KHR_incremental_present [enabled=0, external=0]
[Vulkan init] extensions: name=VK_KHR_index_type_uint8 [enabled=0, external=0]
[Vulkan init] extensions: name=VK_KHR_line_rasterization [enabled=0, external=0]
[Vulkan init] extensions: name=VK_KHR_load_store_op_none [enabled=0, external=0]
[Vulkan init] extensions: name=VK_KHR_maintenance1 [enabled=1, external=0]
[Vulkan init] extensions: name=VK_KHR_maintenance10 [enabled=0, external=0]
[Vulkan init] extensions: name=VK_KHR_maintenance2 [enabled=1, external=0]
[Vulkan init] extensions: name=VK_KHR_maintenance3 [enabled=0, external=0]
[Vulkan init] extensions: name=VK_KHR_maintenance4 [enabled=0, external=0]
[Vulkan init] extensions: name=VK_KHR_maintenance5 [enabled=0, external=0]
[Vulkan init] extensions: name=VK_KHR_maintenance6 [enabled=0, external=0]
[Vulkan init] extensions: name=VK_KHR_maintenance7 [enabled=0, external=0]
[Vulkan init] extensions: name=VK_KHR_maintenance8 [enabled=0, external=0]
[Vulkan init] extensions: name=VK_KHR_maintenance9 [enabled=0, external=0]
[Vulkan init] extensions: name=VK_KHR_map_memory2 [enabled=0, external=0]
[Vulkan init] extensions: name=VK_KHR_multiview [enabled=1, external=0]
[Vulkan init] extensions: name=VK_KHR_pipeline_binary [enabled=0, external=0]
[Vulkan init] extensions: name=VK_KHR_pipeline_executable_properties [enabled=0, external=0]
[Vulkan init] extensions: name=VK_KHR_pipeline_library [enabled=0, external=0]
[Vulkan init] extensions: name=VK_KHR_present_id [enabled=1, external=0]
[Vulkan init] extensions: name=VK_KHR_present_id2 [enabled=0, external=0]
[Vulkan init] extensions: name=VK_KHR_present_mode_fifo_latest_ready [enabled=0, external=0]
[Vulkan init] extensions: name=VK_KHR_present_wait [enabled=1, external=0]
[Vulkan init] extensions: name=VK_KHR_present_wait2 [enabled=0, external=0]
[Vulkan init] extensions: name=VK_KHR_push_descriptor [enabled=0, external=0]
[Vulkan init] extensions: name=VK_KHR_ray_query [enabled=0, external=0]
[Vulkan init] extensions: name=VK_KHR_ray_tracing_maintenance1 [enabled=0, external=0]
[Vulkan init] extensions: name=VK_KHR_ray_tracing_pipeline [enabled=0, external=0]
[Vulkan init] extensions: name=VK_KHR_ray_tracing_position_fetch [enabled=0, external=0]
[Vulkan init] extensions: name=VK_KHR_relaxed_block_layout [enabled=0, external=0]
[Vulkan init] extensions: name=VK_KHR_robustness2 [enabled=0, external=0]
[Vulkan init] extensions: name=VK_KHR_sampler_mirror_clamp_to_edge [enabled=1, external=0]
[Vulkan init] extensions: name=VK_KHR_sampler_ycbcr_conversion [enabled=1, external=0]
[Vulkan init] extensions: name=VK_KHR_separate_depth_stencil_layouts [enabled=0, external=0]
[Vulkan init] extensions: name=VK_KHR_shader_atomic_int64 [enabled=1, external=0]
[Vulkan init] extensions: name=VK_KHR_shader_bfloat16 [enabled=0, external=0]
[Vulkan init] extensions: name=VK_KHR_shader_clock [enabled=0, external=0]
[Vulkan init] extensions: name=VK_KHR_shader_draw_parameters [enabled=0, external=0]
[Vulkan init] extensions: name=VK_KHR_shader_expect_assume [enabled=0, external=0]
[Vulkan init] extensions: name=VK_KHR_shader_float16_int8 [enabled=1, external=0]
[Vulkan init] extensions: name=VK_KHR_shader_float_controls [enabled=0, external=0]
[Vulkan init] extensions: name=VK_KHR_shader_float_controls2 [enabled=0, external=0]
[Vulkan init] extensions: name=VK_KHR_shader_fma [enabled=0, external=0]
[Vulkan init] extensions: name=VK_KHR_shader_integer_dot_product [enabled=0, external=0]
[Vulkan init] extensions: name=VK_KHR_shader_maximal_reconvergence [enabled=0, external=0]
[Vulkan init] extensions: name=VK_KHR_shader_non_semantic_info [enabled=1, external=0]
[Vulkan init] extensions: name=VK_KHR_shader_quad_control [enabled=0, external=0]
[Vulkan init] extensions: name=VK_KHR_shader_relaxed_extended_instruction [enabled=0, external=0]
[Vulkan init] extensions: name=VK_KHR_shader_subgroup_extended_types [enabled=0, external=0]
[Vulkan init] extensions: name=VK_KHR_shader_subgroup_rotate [enabled=0, external=0]
[Vulkan init] extensions: name=VK_KHR_shader_subgroup_uniform_control_flow [enabled=0, external=0]
[Vulkan init] extensions: name=VK_KHR_shader_terminate_invocation [enabled=0, external=0]
[Vulkan init] extensions: name=VK_KHR_shader_untyped_pointers [enabled=0, external=0]
[Vulkan init] extensions: name=VK_KHR_shared_presentable_image [enabled=0, external=0]
[Vulkan init] extensions: name=VK_KHR_spirv_1_4 [enabled=0, external=0]
[Vulkan init] extensions: name=VK_KHR_storage_buffer_storage_class [enabled=1, external=0]
[Vulkan init] extensions: name=VK_KHR_swapchain [enabled=1, external=0]
[Vulkan init] extensions: name=VK_KHR_swapchain_maintenance1 [enabled=0, external=0]
[Vulkan init] extensions: name=VK_KHR_swapchain_mutable_format [enabled=1, external=0]
[Vulkan init] extensions: name=VK_KHR_synchronization2 [enabled=0, external=0]
[Vulkan init] extensions: name=VK_KHR_timeline_semaphore [enabled=0, external=0]
[Vulkan init] extensions: name=VK_KHR_unified_image_layouts [enabled=0, external=0]
[Vulkan init] extensions: name=VK_KHR_uniform_buffer_standard_layout [enabled=0, external=0]
[Vulkan init] extensions: name=VK_KHR_variable_pointers [enabled=0, external=0]
[Vulkan init] extensions: name=VK_KHR_vertex_attribute_divisor [enabled=0, external=0]
[Vulkan init] extensions: name=VK_KHR_video_decode_av1 [enabled=0, external=0]
[Vulkan init] extensions: name=VK_KHR_video_decode_h264 [enabled=0, external=0]
[Vulkan init] extensions: name=VK_KHR_video_decode_h265 [enabled=0, external=0]
[Vulkan init] extensions: name=VK_KHR_video_decode_queue [enabled=0, external=0]
[Vulkan init] extensions: name=VK_KHR_video_decode_vp9 [enabled=0, external=0]
[Vulkan init] extensions: name=VK_KHR_video_encode_h264 [enabled=0, external=0]
[Vulkan init] extensions: name=VK_KHR_video_encode_h265 [enabled=0, external=0]
[Vulkan init] extensions: name=VK_KHR_video_encode_intra_refresh [enabled=0, external=0]
[Vulkan init] extensions: name=VK_KHR_video_encode_quantization_map [enabled=0, external=0]
[Vulkan init] extensions: name=VK_KHR_video_encode_queue [enabled=0, external=0]
[Vulkan init] extensions: name=VK_KHR_video_maintenance1 [enabled=0, external=0]
[Vulkan init] extensions: name=VK_KHR_video_maintenance2 [enabled=0, external=0]
[Vulkan init] extensions: name=VK_KHR_video_queue [enabled=0, external=0]
[Vulkan init] extensions: name=VK_KHR_vulkan_memory_model [enabled=0, external=0]
[Vulkan init] extensions: name=VK_KHR_workgroup_memory_explicit_layout [enabled=0, external=0]
[Vulkan init] extensions: name=VK_KHR_zero_initialize_workgroup_memory [enabled=0, external=0]
[Vulkan init] extensions: name=VK_NVX_binary_import [enabled=0, external=0]
[Vulkan init] extensions: name=VK_NVX_image_view_handle [enabled=0, external=0]
[Vulkan init] extensions: name=VK_NVX_multiview_per_view_attributes [enabled=0, external=0]
[Vulkan init] extensions: name=VK_NV_clip_space_w_scaling [enabled=0, external=0]
[Vulkan init] extensions: name=VK_NV_cluster_acceleration_structure [enabled=0, external=0]
[Vulkan init] extensions: name=VK_NV_compute_occupancy_priority [enabled=0, external=0]
[Vulkan init] extensions: name=VK_NV_compute_shader_derivatives [enabled=0, external=0]
[Vulkan init] extensions: name=VK_NV_cooperative_matrix [enabled=0, external=0]
[Vulkan init] extensions: name=VK_NV_cooperative_matrix2 [enabled=0, external=0]
[Vulkan init] extensions: name=VK_NV_cooperative_vector [enabled=0, external=0]
[Vulkan init] extensions: name=VK_NV_copy_memory_indirect [enabled=0, external=0]
[Vulkan init] extensions: name=VK_NV_corner_sampled_image [enabled=0, external=0]
[Vulkan init] extensions: name=VK_NV_coverage_reduction_mode [enabled=0, external=0]
[Vulkan init] extensions: name=VK_NV_cuda_kernel_launch [enabled=0, external=0]
[Vulkan init] extensions: name=VK_NV_dedicated_allocation [enabled=0, external=0]
[Vulkan init] extensions: name=VK_NV_dedicated_allocation_image_aliasing [enabled=0, external=0]
[Vulkan init] extensions: name=VK_NV_descriptor_pool_overallocation [enabled=0, external=0]
[Vulkan init] extensions: name=VK_NV_device_diagnostic_checkpoints [enabled=0, external=0]
[Vulkan init] extensions: name=VK_NV_device_diagnostics_config [enabled=0, external=0]
[Vulkan init] extensions: name=VK_NV_device_generated_commands [enabled=0, external=0]
[Vulkan init] extensions: name=VK_NV_device_generated_commands_compute [enabled=0, external=0]
[Vulkan init] extensions: name=VK_NV_disk_cache_utils [enabled=0, external=0]
[Vulkan init] extensions: name=VK_NV_extended_sparse_address_space [enabled=0, external=0]
[Vulkan init] extensions: name=VK_NV_fill_rectangle [enabled=0, external=0]
[Vulkan init] extensions: name=VK_NV_fragment_coverage_to_color [enabled=0, external=0]
[Vulkan init] extensions: name=VK_NV_fragment_shader_barycentric [enabled=0, external=0]
[Vulkan init] extensions: name=VK_NV_fragment_shading_rate_enums [enabled=0, external=0]
[Vulkan init] extensions: name=VK_NV_framebuffer_mixed_samples [enabled=0, external=0]
[Vulkan init] extensions: name=VK_NV_geometry_shader_passthrough [enabled=0, external=0]
[Vulkan init] extensions: name=VK_NV_inherited_viewport_scissor [enabled=0, external=0]
[Vulkan init] extensions: name=VK_NV_internal_nvpresent [enabled=0, external=0]
[Vulkan init] extensions: name=VK_NV_linear_color_attachment [enabled=0, external=0]
[Vulkan init] extensions: name=VK_NV_low_latency [enabled=0, external=0]
[Vulkan init] extensions: name=VK_NV_low_latency2 [enabled=0, external=0]
[Vulkan init] extensions: name=VK_NV_memory_decompression [enabled=0, external=0]
[Vulkan init] extensions: name=VK_NV_mesh_shader [enabled=0, external=0]
[Vulkan init] extensions: name=VK_NV_optical_flow [enabled=0, external=0]
[Vulkan init] extensions: name=VK_NV_partitioned_acceleration_structure [enabled=0, external=0]
[Vulkan init] extensions: name=VK_NV_present_metering [enabled=0, external=0]
[Vulkan init] extensions: name=VK_NV_raw_access_chains [enabled=0, external=0]
[Vulkan init] extensions: name=VK_NV_ray_tracing [enabled=0, external=0]
[Vulkan init] extensions: name=VK_NV_ray_tracing_invocation_reorder [enabled=0, external=0]
[Vulkan init] extensions: name=VK_NV_ray_tracing_motion_blur [enabled=0, external=0]
[Vulkan init] extensions: name=VK_NV_representative_fragment_test [enabled=0, external=0]
[Vulkan init] extensions: name=VK_NV_sample_mask_override_coverage [enabled=0, external=0]
[Vulkan init] extensions: name=VK_NV_scissor_exclusive [enabled=0, external=0]
[Vulkan init] extensions: name=VK_NV_shader_atomic_float16_vector [enabled=0, external=0]
[Vulkan init] extensions: name=VK_NV_shader_image_footprint [enabled=0, external=0]
[Vulkan init] extensions: name=VK_NV_shader_sm_builtins [enabled=0, external=0]
[Vulkan init] extensions: name=VK_NV_shader_subgroup_partitioned [enabled=0, external=0]
[Vulkan init] extensions: name=VK_NV_shading_rate_image [enabled=0, external=0]
[Vulkan init] extensions: name=VK_NV_viewport_array2 [enabled=0, external=0]
[Vulkan init] extensions: name=VK_NV_viewport_swizzle [enabled=0, external=0]
Vulkan API version 1.1.0 (1.4.329 supported by driver, 1.1.0 requested)
Vulkan vendor=[NVIDIA] id=[10de]
Vulkan renderer=[NVIDIA GeForce RTX 3060] id=[2504]
Vulkan device type 2
Vulkan driverversion=[595.284.320 (0x94d1c140)] uint=[-1798192832]
Vulkan driverLibraryString=[NVIDIA (4), 595.71.05]
Vulkan PSO: cache data not found [path=/tmp/YARC/YARG/vulkan_pso_cache.bin]
Begin MonoManager ReloadAssembly
- Loaded All Assemblies, in  0.121 seconds
- Finished resetting the current domain, in  0.002 seconds
[Physics::Module] Selected backend.
[Physics::Module] Name: PhysX
[Physics::Module] Id: 0xf2b8ea05
[Physics::Module] SDK Version: 4.1.2
[Physics::Module] Integration Version: 1.0.0
[Physics::Module] Threading Mode: Multi-Threaded
requesting resize 1920 x 1080
Using native desktop resolution 1920 x 1080
requesting fullscreen 1920 x 1080 at 0/1 Hz
Desktop is 1920 x 1080 @ 165 Hz
InitializeOrResetSwapChain 1920x1080 hdr=0 samples=1
Disable old input system
[<a href="Assets/Script/Persistent/Logging/LogHandler.cs" line="84">LogHandler.cs:SetupLogHandler:84</a>] System Information:
CPU: Intel(R) Core(TM) i5-10400F CPU @ 2.90GHz (3999MHz 12 Cores)
RAM: 15847MB
GPU: NVIDIA GeForce RTX 3060 (VRAM: 12534MB, Version: Vulkan 1.1.0 [595.284.320 (0x94d1c140)], Renderer: Vulkan)
OS: Linux 7.0 Arch Linux  64bit (Linux)
[<a href="Assets/Script/Helpers/PathHelper.cs" line="149">PathHelper.cs:FindLauncherPaths:149</a>] Failed to find launcher settings file. Game is most likely running without the launcher.
UnloadTime: 0.276226 ms
[<a href="Assets/Script/Persistent/GlobalVariables.cs" line="51">GlobalVariables.cs:SingletonAwake:51</a>] YARG v0.14
[<a href="Assets/Script/Localization/LocalizationManager.cs" line="35">LocalizationManager.cs:Initialize:35</a>] Localization initialized with language `en-US`
[<a href="Assets/Script/Persistent/GlobalVariables.cs" line="83">GlobalVariables.cs:SingletonAwake:83</a>] Loaded 2 profiles
[<a href="Assets/Script/Persistent/GlobalVariables.cs" line="86">GlobalVariables.cs:SingletonAwake:86</a>] Saved 2 profiles
[<a href="Assets/Script/Audio/Bass/BassAudioManager.cs" line="100">BassAudioManager.cs:.ctor:100</a>] Initializing BASS...
[<a href="Assets/Script/Audio/Bass/BassAudioManager.cs" line="136">BassAudioManager.cs:.ctor:136</a>] Devices found: 20
[<a href="Assets/Script/Audio/Bass/BassAudioManager.cs" line="255">BassAudioManager.cs:LoadSfx:255</a>] Loading SFX
[<a href="Assets/Script/Audio/Bass/BassAudioManager.cs" line="273">BassAudioManager.cs:LoadSfx:273</a>] Loaded note_miss
[<a href="Assets/Script/Audio/Bass/BassAudioManager.cs" line="273">BassAudioManager.cs:LoadSfx:273</a>] Loaded starpower_award
[<a href="Assets/Script/Audio/Bass/BassAudioManager.cs" line="273">BassAudioManager.cs:LoadSfx:273</a>] Loaded starpower_gain
[<a href="Assets/Script/Audio/Bass/BassAudioManager.cs" line="273">BassAudioManager.cs:LoadSfx:273</a>] Loaded starpower_deploy
[<a href="Assets/Script/Audio/Bass/BassAudioManager.cs" line="273">BassAudioManager.cs:LoadSfx:273</a>] Loaded overdrive_deploy_crowd
[<a href="Assets/Script/Audio/Bass/BassAudioManager.cs" line="273">BassAudioManager.cs:LoadSfx:273</a>] Loaded starpower_release
[<a href="Assets/Script/Audio/Bass/BassAudioManager.cs" line="273">BassAudioManager.cs:LoadSfx:273</a>] Loaded clap
[<a href="Assets/Script/Audio/Bass/BassAudioManager.cs" line="273">BassAudioManager.cs:LoadSfx:273</a>] Loaded star
[<a href="Assets/Script/Audio/Bass/BassAudioManager.cs" line="273">BassAudioManager.cs:LoadSfx:273</a>] Loaded star_gold
[<a href="Assets/Script/Audio/Bass/BassAudioManager.cs" line="273">BassAudioManager.cs:LoadSfx:273</a>] Loaded overstrum_1
[<a href="Assets/Script/Audio/Bass/BassAudioManager.cs" line="273">BassAudioManager.cs:LoadSfx:273</a>] Loaded overstrum_2
[<a href="Assets/Script/Audio/Bass/BassAudioManager.cs" line="273">BassAudioManager.cs:LoadSfx:273</a>] Loaded overstrum_3
[<a href="Assets/Script/Audio/Bass/BassAudioManager.cs" line="273">BassAudioManager.cs:LoadSfx:273</a>] Loaded overstrum_4
[<a href="Assets/Script/Audio/Bass/BassAudioManager.cs" line="273">BassAudioManager.cs:LoadSfx:273</a>] Loaded crowd_open_1
[<a href="Assets/Script/Audio/Bass/BassAudioManager.cs" line="273">BassAudioManager.cs:LoadSfx:273</a>] Loaded crowd_open_2
[<a href="Assets/Script/Audio/Bass/BassAudioManager.cs" line="273">BassAudioManager.cs:LoadSfx:273</a>] Loaded crowd_start_1
[<a href="Assets/Script/Audio/Bass/BassAudioManager.cs" line="273">BassAudioManager.cs:LoadSfx:273</a>] Loaded crowd_start_2
[<a href="Assets/Script/Audio/Bass/BassAudioManager.cs" line="273">BassAudioManager.cs:LoadSfx:273</a>] Loaded crowd_start_3
[<a href="Assets/Script/Audio/Bass/BassAudioManager.cs" line="273">BassAudioManager.cs:LoadSfx:273</a>] Loaded crowd_end_1
[<a href="Assets/Script/Audio/Bass/BassAudioManager.cs" line="273">BassAudioManager.cs:LoadSfx:273</a>] Loaded crowd_end_2
[<a href="Assets/Script/Audio/Bass/BassAudioManager.cs" line="273">BassAudioManager.cs:LoadSfx:273</a>] Loaded chatter
[<a href="Assets/Script/Audio/Bass/BassAudioManager.cs" line="280">BassAudioManager.cs:LoadSfx:280</a>] Finished loading SFX
[<a href="Assets/Script/Audio/Bass/BassAudioManager.cs" line="285">BassAudioManager.cs:LoadDrumSfx:285</a>] Loading Drum SFX
[<a href="Assets/Script/Audio/Bass/BassAudioManager.cs" line="308">BassAudioManager.cs:LoadDrumSfx:308</a>] Finished loading Drum SFX
[<a href="Assets/Script/Audio/Bass/BassAudioManager.cs" line="313">BassAudioManager.cs:LoadVox:313</a>] Loading VOX
[<a href="Assets/Script/Audio/Bass/BassAudioManager.cs" line="337">BassAudioManager.cs:LoadVox:337</a>] Finished loading VOX
[<a href="Assets/Script/Audio/Bass/BassAudioManager.cs" line="166">BassAudioManager.cs:.ctor:166</a>] BASS Successfully Initialized
[<a href="Assets/Script/Audio/Bass/BassAudioManager.cs" line="167">BassAudioManager.cs:.ctor:167</a>] BASS: 2.4.17.10 - BASS.FX: 2.4.12.12 - BASS.Mix: 2.4.12.0
[<a href="Assets/Script/Audio/Bass/BassAudioManager.cs" line="168">BassAudioManager.cs:.ctor:168</a>] Update Period: 5ms. Device Buffer Length: 20ms. Playback Buffer Length: 500ms. Device Playback Latency: 45ms
[<a href="Assets/Script/Audio/Bass/BassAudioManager.cs" line="170">BassAudioManager.cs:.ctor:170</a>] Current Device: Default
[<a href="Assets/Script/Localization/LocalizationManager.cs" line="67">LocalizationManager.cs:TryParseAndLoadLanguage:67</a>] Loading language `en-US`...
Unloading 6 Unused Serialized files (Serialized files now loaded: 2)
Unloading 3 unused Assets to reduce memory usage. Loaded Objects now: 9752.
Total: 4.936934 ms (FindLiveObjects: 0.551345 ms CreateObjectMapping: 0.328721 ms MarkObjects: 4.042977 ms  DeleteObjects: 0.013602 ms)

[<a href="Assets/Script/Integration/DiscordController.cs" line="88">DiscordController.cs:CreateInstance:88</a>] Failed to start Discord presence client.
Discord.ResultException: InternalError
  at Discord.Discord..ctor (System.Int64 clientId, System.UInt64 flags) [0x00217] in <4a28378d455c4bec9b0b21a93765b4cf>:0 
  at YARG.Integration.DiscordController.CreateInstance () [0x00026] in <90fc07b51b4648f28fcc3a522b26a798>:0 
[<a href="Assets/Script/Song/SongSources.cs" line="218">SongSources.cs:DownloadSources:218</a>] Failed to get newest song source version. Skipping.
System.NotSupportedException: The URI prefix is not recognized.
  at System.Net.WebRequest.Create (System.Uri requestUri, System.Boolean useUriBase) [0x000ae] in <2de3afa2fcc04a18b06ad346432593f4>:0 
  at System.Net.WebRequest.Create (System.String requestUriString) [0x00014] in <2de3afa2fcc04a18b06ad346432593f4>:0 
  at YARG.Song.SongSources.DownloadSources (YARG.LoadingContext context) [0x0011d] in <90fc07b51b4648f28fcc3a522b26a798>:0 
[<a href="Assets/Script/Song/SongSources.cs" line="310">SongSources.cs:ReadSources:310</a>] Failed to read song source index.json for `extra`!
System.IO.DirectoryNotFoundException: Could not find a part of the path "/opt/yarg/YARG_Data/StreamingAssets/sources/OpenSource-master/extra/index.json".
  at System.IO.FileStream..ctor (System.String path, System.IO.FileMode mode, System.IO.FileAccess access, System.IO.FileShare share, System.Int32 bufferSize, System.Boolean anonymous, System.IO.FileOptions options) [0x00164] in <f7d6f0a1fddf40db94ab7360f6bb8408>:0 
  at System.IO.FileStream..ctor (System.String path, System.IO.FileMode mode, System.IO.FileAccess access, System.IO.FileShare share, System.Int32 bufferSize, System.IO.FileOptions options) [0x00000] in <f7d6f0a1fddf40db94ab7360f6bb8408>:0 
  at (wrapper remoting-invoke-with-check) System.IO.FileStream..ctor(string,System.IO.FileMode,System.IO.FileAccess,System.IO.FileShare,int,System.IO.FileOptions)
  at System.IO.StreamReader..ctor (System.String path, System.Text.Encoding encoding, System.Boolean detectEncodingFromByteOrderMarks, System.Int32 bufferSize) [0x00055] in <f7d6f0a1fddf40db94ab7360f6bb8408>:0 
  at System.IO.StreamReader..ctor (System.String path, System.Text.Encoding encoding, System.Boolean detectEncodingFromByteOrderMarks) [0x00000] in <f7d6f0a1fddf40db94ab7360f6bb8408>:0 
  at (wrapper remoting-invoke-with-check) System.IO.StreamReader..ctor(string,System.Text.Encoding,bool)
  at System.IO.File.InternalReadAllText (System.String path, System.Text.Encoding encoding) [0x00000] in <f7d6f0a1fddf40db94ab7360f6bb8408>:0 
  at System.IO.File.ReadAllText (System.String path) [0x0002c] in <f7d6f0a1fddf40db94ab7360f6bb8408>:0 
  at YARG.Song.SongSources.ReadIndexPath (System.String indexPath) [0x00000] in <90fc07b51b4648f28fcc3a522b26a798>:0 
  at YARG.Song.SongSources.ReadSources () [0x00052] in <90fc07b51b4648f28fcc3a522b26a798>:0 
RenderGraph is now disabled.
requesting resize 1920 x 1080
Using native desktop resolution 1920 x 1080
requesting fullscreen 1920 x 1080 at 525000000/3185024 Hz
Desktop is 1920 x 1080 @ 165 Hz
InitializeOrResetSwapChain 1920x1080 hdr=0 samples=1
[<a href="Assets/Script/Integration/Data Stream/DataStreamController.cs" line="289">DataStreamController.cs:OnApplicationQuit:289</a>] Killing Data Stream sender...
[<a href="Assets/Script/Integration/Data Stream/DataStreamController.cs" line="355">DataStreamController.cs:SerializeAndSend:355</a>] Error sending UDP packet: Cannot access a disposed object.
Object name: 'System.Net.Sockets.UdpClient'.
[<a href="Assets/Script/Audio/Bass/BassMicDevice.cs" line="329">BassMicDevice.cs:ProcessRecordData:329</a>] Error pushing data to monitor stream: Handle
[<a href="Assets/Script/Audio/Bass/BassMicDevice.cs" line="329">BassMicDevice.cs:ProcessRecordData:329</a>] Error pushing data to monitor stream: Handle
[<a href="Assets/Script/Audio/Bass/BassMicDevice.cs" line="329">BassMicDevice.cs:ProcessRecordData:329</a>] Error pushing data to monitor stream: Handle
[<a href="Assets/Script/Audio/Bass/BassAudioManager.cs" line="362">BassAudioManager.cs:DisposeUnmanagedResources:362</a>] Unloading BASS plugins
[<a href="./YARG.Core/YARG.Core/Song/Cache/CacheHandler.cs" line="839">CacheHandler.cs:ScanIniEntry:839</a>] Error while scanning chart file /mnt/0df76e2c-45d5-44d2-ad7e-91488ebcafba/Clone Hero/Songs/CD-R - 16. Suicide Monster/notes.chart!
YARG.Core.Audio.GlobalAudioHandler+NotInitializedException: Audio manager not initialized
  at YARG.Core.Audio.GlobalAudioHandler.CreateMixer (System.String name, System.Single speed, System.Double mixerVolume, System.Boolean clampStemVolume, System.Boolean normalize) [0x0001c] in <94e582b7caca423cbc22382538f934ad>:0 
  at YARG.Core.Song.UnpackedIniEntry.LoadAudio (System.Single speed, System.Double volume, YARG.Core.Audio.SongStem[] ignoreStems) [0x00021] in <94e582b7caca423cbc22382538f934ad>:0 
  at YARG.Core.Song.IniSubEntry.ScanChart (YARG.Core.Song.IniSubEntry entry, YARG.Core.IO.FixedArray`1[T] file, YARG.Core.IO.Ini.IniModifierCollection modifiers) [0x0036b] in <94e582b7caca423cbc22382538f934ad>:0 
  at YARG.Core.Song.UnpackedIniEntry.ProcessNewEntry (System.String directory, System.IO.FileInfo chartInfo, YARG.Core.Song.ChartFormat format, System.IO.FileInfo iniFile, System.String defaultPlaylist) [0x0005a] in <94e582b7caca423cbc22382538f934ad>:0 
  at YARG.Core.Song.Cache.CacheHandler.ScanIniEntry (YARG.Core.Song.Cache.FileCollection& collection, YARG.Core.Song.Cache.IniEntryGroup group, System.String defaultPlaylist) [0x00058] in <94e582b7caca423cbc22382538f934ad>:0 
[Physics::Module] Cleanup current backend.
[Physics::Module] Id: 0xf2b8ea05
Input System module state changed to: ShutdownInProgress.
Input System polling thread exited.
Input System module state changed to: Shutdown.
Vulkan PSO: data extracted [new size=195517, old size=0, incomplete=0]
Vulkan PSO: Saved size[195517] path[/tmp/YARC/YARG/vulkan_pso_cache.bin] success=1 headerChanged=1 sizeChanged=1
[<a href="Assets/Script/Persistent/Logging/LogHandler.cs" line="103">LogHandler.cs:ShutdownLogHandler:103</a>] Disabling Logging
abort_threads: Failed aborting id: 0x7f79403f66c0, mono_thread_manage will ignore it

abort_threads: Failed aborting id: 0x7f79405f76c0, mono_thread_manage will ignore it

abort_threads: Failed aborting id: 0x7f78eb5fa6c0, mono_thread_manage will ignore it

abort_threads: Failed aborting id: 0x7f78ebbfd6c0, mono_thread_manage will ignore it

abort_threads: Failed aborting id: 0x7f78ebdfe6c0, mono_thread_manage will ignore it

abort_threads: Failed aborting id: 0x7f7a38df96c0, mono_thread_manage will ignore it

abort_threads: Failed aborting id: 0x7f78ebfff6c0, mono_thread_manage will ignore it


