Mono path[0] = '/opt/yarg/YARG_Data/Managed'
Mono config path = '/opt/yarg/YARG_Data/MonoBleedingEdge/etc'
Preloaded 'STB2CSharp.so'
Preloaded 'discord_game_sdk.so'
Preloaded 'libRtMidi.so'
Preloaded 'libStandaloneFileBrowser.so'
Preloaded 'lib_burst_generated.so'
Preloaded 'libbass.so'
Preloaded 'libbass_fx.so'
Preloaded 'libbassmix.so'
Preloaded 'libbassopus.so'
Preloaded 'libsqlite3.so'
Display 0 'DP-1 27"': 3168x1782 (primary device).
Display 1 'DP-2 28"': 3840x2160 (secondary device).
[Physics::Module] Initialized MultithreadedJobDispatcher with {0} workers.
Desktop is 3168 x 1782 @ 165 Hz
[Vulkan init] extensions: count=24
[Vulkan init] extensions: name=VK_KHR_device_group_creation, enabled=0
[Vulkan init] extensions: name=VK_KHR_display, enabled=1
[Vulkan init] extensions: name=VK_KHR_external_fence_capabilities, enabled=0
[Vulkan init] extensions: name=VK_KHR_external_memory_capabilities, enabled=0
[Vulkan init] extensions: name=VK_KHR_external_semaphore_capabilities, enabled=0
[Vulkan init] extensions: name=VK_KHR_get_display_properties2, enabled=0
[Vulkan init] extensions: name=VK_KHR_get_physical_device_properties2, enabled=1
[Vulkan init] extensions: name=VK_KHR_get_surface_capabilities2, enabled=0
[Vulkan init] extensions: name=VK_KHR_surface, enabled=1
[Vulkan init] extensions: name=VK_KHR_surface_protected_capabilities, enabled=0
[Vulkan init] extensions: name=VK_KHR_wayland_surface, enabled=1
[Vulkan init] extensions: name=VK_KHR_xcb_surface, enabled=0
[Vulkan init] extensions: name=VK_KHR_xlib_surface, enabled=1
[Vulkan init] extensions: name=VK_EXT_acquire_drm_display, enabled=0
[Vulkan init] extensions: name=VK_EXT_acquire_xlib_display, enabled=0
[Vulkan init] extensions: name=VK_EXT_debug_report, enabled=0
[Vulkan init] extensions: name=VK_EXT_debug_utils, enabled=0
[Vulkan init] extensions: name=VK_EXT_direct_mode_display, enabled=0
[Vulkan init] extensions: name=VK_EXT_display_surface_counter, enabled=0
[Vulkan init] extensions: name=VK_EXT_surface_maintenance1, enabled=0
[Vulkan init] extensions: name=VK_EXT_swapchain_colorspace, enabled=1
[Vulkan init] extensions: name=VK_NV_display_stereo, enabled=0
[Vulkan init] extensions: name=VK_KHR_portability_enumeration, enabled=0
[Vulkan init] extensions: name=VK_LUNARG_direct_driver_loading, enabled=0
Vulkan detection: 2
Initialize engine version: 2021.3.36f1 (7a0645017be0)
[Subsystems] Discovering subsystems at path /opt/yarg/YARG_Data/UnitySubsystems
GfxDevice: creating device client; threaded=1; jobified=1
[Vulkan init] extensions: count=24
[Vulkan init] extensions: name=VK_KHR_device_group_creation, enabled=0
[Vulkan init] extensions: name=VK_KHR_display, enabled=1
[Vulkan init] extensions: name=VK_KHR_external_fence_capabilities, enabled=0
[Vulkan init] extensions: name=VK_KHR_external_memory_capabilities, enabled=0
[Vulkan init] extensions: name=VK_KHR_external_semaphore_capabilities, enabled=0
[Vulkan init] extensions: name=VK_KHR_get_display_properties2, enabled=0
[Vulkan init] extensions: name=VK_KHR_get_physical_device_properties2, enabled=1
[Vulkan init] extensions: name=VK_KHR_get_surface_capabilities2, enabled=0
[Vulkan init] extensions: name=VK_KHR_surface, enabled=1
[Vulkan init] extensions: name=VK_KHR_surface_protected_capabilities, enabled=0
[Vulkan init] extensions: name=VK_KHR_wayland_surface, enabled=1
[Vulkan init] extensions: name=VK_KHR_xcb_surface, enabled=0
[Vulkan init] extensions: name=VK_KHR_xlib_surface, enabled=1
[Vulkan init] extensions: name=VK_EXT_acquire_drm_display, enabled=0
[Vulkan init] extensions: name=VK_EXT_acquire_xlib_display, enabled=0
[Vulkan init] extensions: name=VK_EXT_debug_report, enabled=0
[Vulkan init] extensions: name=VK_EXT_debug_utils, enabled=0
[Vulkan init] extensions: name=VK_EXT_direct_mode_display, enabled=0
[Vulkan init] extensions: name=VK_EXT_display_surface_counter, enabled=0
[Vulkan init] extensions: name=VK_EXT_surface_maintenance1, enabled=0
[Vulkan init] extensions: name=VK_EXT_swapchain_colorspace, enabled=1
[Vulkan init] extensions: name=VK_NV_display_stereo, enabled=0
[Vulkan init] extensions: name=VK_KHR_portability_enumeration, enabled=0
[Vulkan init] extensions: name=VK_LUNARG_direct_driver_loading, enabled=0
[Vulkan init] SelectPhysicalDevice requestedDeviceIndex=-1 xrDevice=(nil)
[Vulkan init] Physical Device 0x29713710 [0]: "NVIDIA GeForce RTX 3060" deviceType=2 vendorID=10de deviceID=2504
[Vulkan init] Selected physical device 0x29713710
[Vulkan init] Graphics queue count=1
[Vulkan init] extensions: count=251
[Vulkan init] extensions: name=VK_KHR_16bit_storage, enabled=1
[Vulkan init] extensions: name=VK_KHR_8bit_storage, enabled=0
[Vulkan init] extensions: name=VK_KHR_acceleration_structure, enabled=0
[Vulkan init] extensions: name=VK_KHR_bind_memory2, enabled=0
[Vulkan init] extensions: name=VK_KHR_buffer_device_address, enabled=0
[Vulkan init] extensions: name=VK_KHR_calibrated_timestamps, enabled=0
[Vulkan init] extensions: name=VK_KHR_compute_shader_derivatives, enabled=0
[Vulkan init] extensions: name=VK_KHR_cooperative_matrix, enabled=0
[Vulkan init] extensions: name=VK_KHR_copy_commands2, enabled=0
[Vulkan init] extensions: name=VK_KHR_create_renderpass2, enabled=1
[Vulkan init] extensions: name=VK_KHR_dedicated_allocation, enabled=1
[Vulkan init] extensions: name=VK_KHR_deferred_host_operations, enabled=0
[Vulkan init] extensions: name=VK_KHR_depth_clamp_zero_one, enabled=0
[Vulkan init] extensions: name=VK_KHR_depth_stencil_resolve, enabled=1
[Vulkan init] extensions: name=VK_KHR_descriptor_update_template, enabled=1
[Vulkan init] extensions: name=VK_KHR_device_group, enabled=0
[Vulkan init] extensions: name=VK_KHR_draw_indirect_count, enabled=0
[Vulkan init] extensions: name=VK_KHR_driver_properties, enabled=0
[Vulkan init] extensions: name=VK_KHR_dynamic_rendering, enabled=0
[Vulkan init] extensions: name=VK_KHR_dynamic_rendering_local_read, enabled=0
[Vulkan init] extensions: name=VK_KHR_external_fence, enabled=0
[Vulkan init] extensions: name=VK_KHR_external_fence_fd, enabled=0
[Vulkan init] extensions: name=VK_KHR_external_memory, enabled=0
[Vulkan init] extensions: name=VK_KHR_external_memory_fd, enabled=0
[Vulkan init] extensions: name=VK_KHR_external_semaphore, enabled=0
[Vulkan init] extensions: name=VK_KHR_external_semaphore_fd, enabled=0
[Vulkan init] extensions: name=VK_KHR_format_feature_flags2, enabled=0
[Vulkan init] extensions: name=VK_KHR_fragment_shader_barycentric, enabled=0
[Vulkan init] extensions: name=VK_KHR_fragment_shading_rate, enabled=0
[Vulkan init] extensions: name=VK_KHR_get_memory_requirements2, enabled=1
[Vulkan init] extensions: name=VK_KHR_global_priority, enabled=0
[Vulkan init] extensions: name=VK_KHR_image_format_list, enabled=1
[Vulkan init] extensions: name=VK_KHR_imageless_framebuffer, enabled=0
[Vulkan init] extensions: name=VK_KHR_incremental_present, enabled=0
[Vulkan init] extensions: name=VK_KHR_index_type_uint8, enabled=0
[Vulkan init] extensions: name=VK_KHR_line_rasterization, enabled=0
[Vulkan init] extensions: name=VK_KHR_load_store_op_none, enabled=0
[Vulkan init] extensions: name=VK_KHR_maintenance1, enabled=1
[Vulkan init] extensions: name=VK_KHR_maintenance2, enabled=1
[Vulkan init] extensions: name=VK_KHR_maintenance3, enabled=0
[Vulkan init] extensions: name=VK_KHR_maintenance4, enabled=0
[Vulkan init] extensions: name=VK_KHR_maintenance5, enabled=0
[Vulkan init] extensions: name=VK_KHR_maintenance6, enabled=0
[Vulkan init] extensions: name=VK_KHR_maintenance7, enabled=0
[Vulkan init] extensions: name=VK_KHR_maintenance8, enabled=0
[Vulkan init] extensions: name=VK_KHR_map_memory2, enabled=0
[Vulkan init] extensions: name=VK_KHR_multiview, enabled=1
[Vulkan init] extensions: name=VK_KHR_pipeline_binary, enabled=0
[Vulkan init] extensions: name=VK_KHR_pipeline_executable_properties, enabled=0
[Vulkan init] extensions: name=VK_KHR_pipeline_library, enabled=0
[Vulkan init] extensions: name=VK_KHR_present_id, enabled=0
[Vulkan init] extensions: name=VK_KHR_present_wait, enabled=0
[Vulkan init] extensions: name=VK_KHR_push_descriptor, enabled=0
[Vulkan init] extensions: name=VK_KHR_ray_query, enabled=0
[Vulkan init] extensions: name=VK_KHR_ray_tracing_maintenance1, enabled=0
[Vulkan init] extensions: name=VK_KHR_ray_tracing_pipeline, enabled=0
[Vulkan init] extensions: name=VK_KHR_ray_tracing_position_fetch, enabled=0
[Vulkan init] extensions: name=VK_KHR_relaxed_block_layout, enabled=0
[Vulkan init] extensions: name=VK_KHR_sampler_mirror_clamp_to_edge, enabled=1
[Vulkan init] extensions: name=VK_KHR_sampler_ycbcr_conversion, enabled=0
[Vulkan init] extensions: name=VK_KHR_separate_depth_stencil_layouts, enabled=0
[Vulkan init] extensions: name=VK_KHR_shader_atomic_int64, enabled=0
[Vulkan init] extensions: name=VK_KHR_shader_bfloat16, enabled=0
[Vulkan init] extensions: name=VK_KHR_shader_clock, enabled=0
[Vulkan init] extensions: name=VK_KHR_shader_draw_parameters, enabled=0
[Vulkan init] extensions: name=VK_KHR_shader_expect_assume, enabled=0
[Vulkan init] extensions: name=VK_KHR_shader_float16_int8, enabled=1
[Vulkan init] extensions: name=VK_KHR_shader_float_controls, enabled=0
[Vulkan init] extensions: name=VK_KHR_shader_float_controls2, enabled=0
[Vulkan init] extensions: name=VK_KHR_shader_integer_dot_product, enabled=0
[Vulkan init] extensions: name=VK_KHR_shader_maximal_reconvergence, enabled=0
[Vulkan init] extensions: name=VK_KHR_shader_non_semantic_info, enabled=0
[Vulkan init] extensions: name=VK_KHR_shader_quad_control, enabled=0
[Vulkan init] extensions: name=VK_KHR_shader_relaxed_extended_instruction, enabled=0
[Vulkan init] extensions: name=VK_KHR_shader_subgroup_extended_types, enabled=0
[Vulkan init] extensions: name=VK_KHR_shader_subgroup_rotate, enabled=0
[Vulkan init] extensions: name=VK_KHR_shader_subgroup_uniform_control_flow, enabled=0
[Vulkan init] extensions: name=VK_KHR_shader_terminate_invocation, enabled=0
[Vulkan init] extensions: name=VK_KHR_shared_presentable_image, enabled=0
[Vulkan init] extensions: name=VK_KHR_spirv_1_4, enabled=0
[Vulkan init] extensions: name=VK_KHR_storage_buffer_storage_class, enabled=0
[Vulkan init] extensions: name=VK_KHR_swapchain, enabled=1
[Vulkan init] extensions: name=VK_KHR_swapchain_mutable_format, enabled=0
[Vulkan init] extensions: name=VK_KHR_synchronization2, enabled=0
[Vulkan init] extensions: name=VK_KHR_timeline_semaphore, enabled=0
[Vulkan init] extensions: name=VK_KHR_uniform_buffer_standard_layout, enabled=0
[Vulkan init] extensions: name=VK_KHR_variable_pointers, enabled=0
[Vulkan init] extensions: name=VK_KHR_vertex_attribute_divisor, enabled=0
[Vulkan init] extensions: name=VK_KHR_video_decode_av1, enabled=0
[Vulkan init] extensions: name=VK_KHR_video_decode_h264, enabled=0
[Vulkan init] extensions: name=VK_KHR_video_decode_h265, enabled=0
[Vulkan init] extensions: name=VK_KHR_video_decode_queue, enabled=0
[Vulkan init] extensions: name=VK_KHR_video_decode_vp9, enabled=0
[Vulkan init] extensions: name=VK_KHR_video_encode_h264, enabled=0
[Vulkan init] extensions: name=VK_KHR_video_encode_h265, enabled=0
[Vulkan init] extensions: name=VK_KHR_video_encode_quantization_map, enabled=0
[Vulkan init] extensions: name=VK_KHR_video_encode_queue, enabled=0
[Vulkan init] extensions: name=VK_KHR_video_maintenance1, enabled=0
[Vulkan init] extensions: name=VK_KHR_video_maintenance2, enabled=0
[Vulkan init] extensions: name=VK_KHR_video_queue, enabled=0
[Vulkan init] extensions: name=VK_KHR_vulkan_memory_model, enabled=0
[Vulkan init] extensions: name=VK_KHR_workgroup_memory_explicit_layout, enabled=0
[Vulkan init] extensions: name=VK_KHR_zero_initialize_workgroup_memory, enabled=0
[Vulkan init] extensions: name=VK_EXT_4444_formats, enabled=0
[Vulkan init] extensions: name=VK_EXT_attachment_feedback_loop_dynamic_state, enabled=0
[Vulkan init] extensions: name=VK_EXT_attachment_feedback_loop_layout, enabled=0
[Vulkan init] extensions: name=VK_EXT_blend_operation_advanced, enabled=0
[Vulkan init] extensions: name=VK_EXT_border_color_swizzle, enabled=0
[Vulkan init] extensions: name=VK_EXT_buffer_device_address, enabled=0
[Vulkan init] extensions: name=VK_EXT_calibrated_timestamps, enabled=0
[Vulkan init] extensions: name=VK_EXT_color_write_enable, enabled=0
[Vulkan init] extensions: name=VK_EXT_conditional_rendering, enabled=0
[Vulkan init] extensions: name=VK_EXT_conservative_rasterization, enabled=1
[Vulkan init] extensions: name=VK_EXT_custom_border_color, enabled=0
[Vulkan init] extensions: name=VK_EXT_depth_bias_control, enabled=0
[Vulkan init] extensions: name=VK_EXT_depth_clamp_control, enabled=0
[Vulkan init] extensions: name=VK_EXT_depth_clamp_zero_one, enabled=0
[Vulkan init] extensions: name=VK_EXT_depth_clip_control, enabled=0
[Vulkan init] extensions: name=VK_EXT_depth_clip_enable, enabled=0
[Vulkan init] extensions: name=VK_EXT_depth_range_unrestricted, enabled=0
[Vulkan init] extensions: name=VK_EXT_descriptor_buffer, enabled=0
[Vulkan init] extensions: name=VK_EXT_descriptor_indexing, enabled=0
[Vulkan init] extensions: name=VK_EXT_device_address_binding_report, enabled=0
[Vulkan init] extensions: name=VK_EXT_device_fault, enabled=0
[Vulkan init] extensions: name=VK_EXT_device_generated_commands, enabled=0
[Vulkan init] extensions: name=VK_EXT_discard_rectangles, enabled=0
[Vulkan init] extensions: name=VK_EXT_display_control, enabled=0
[Vulkan init] extensions: name=VK_EXT_dynamic_rendering_unused_attachments, enabled=0
[Vulkan init] extensions: name=VK_EXT_extended_dynamic_state, enabled=0
[Vulkan init] extensions: name=VK_EXT_extended_dynamic_state2, enabled=0
[Vulkan init] extensions: name=VK_EXT_extended_dynamic_state3, enabled=0
[Vulkan init] extensions: name=VK_EXT_external_memory_dma_buf, enabled=0
[Vulkan init] extensions: name=VK_EXT_external_memory_host, enabled=0
[Vulkan init] extensions: name=VK_EXT_fragment_shader_interlock, enabled=0
[Vulkan init] extensions: name=VK_EXT_global_priority, enabled=0
[Vulkan init] extensions: name=VK_EXT_global_priority_query, enabled=0
[Vulkan init] extensions: name=VK_EXT_graphics_pipeline_library, enabled=0
[Vulkan init] extensions: name=VK_EXT_host_image_copy, enabled=0
[Vulkan init] extensions: name=VK_EXT_host_query_reset, enabled=0
[Vulkan init] extensions: name=VK_EXT_image_2d_view_of_3d, enabled=0
[Vulkan init] extensions: name=VK_EXT_image_drm_format_modifier, enabled=0
[Vulkan init] extensions: name=VK_EXT_image_robustness, enabled=0
[Vulkan init] extensions: name=VK_EXT_image_sliced_view_of_3d, enabled=0
[Vulkan init] extensions: name=VK_EXT_image_view_min_lod, enabled=0
[Vulkan init] extensions: name=VK_EXT_index_type_uint8, enabled=0
[Vulkan init] extensions: name=VK_EXT_inline_uniform_block, enabled=0
[Vulkan init] extensions: name=VK_EXT_legacy_vertex_attributes, enabled=0
[Vulkan init] extensions: name=VK_EXT_line_rasterization, enabled=0
[Vulkan init] extensions: name=VK_EXT_load_store_op_none, enabled=0
[Vulkan init] extensions: name=VK_EXT_map_memory_placed, enabled=0
[Vulkan init] extensions: name=VK_EXT_memory_budget, enabled=1
[Vulkan init] extensions: name=VK_EXT_memory_priority, enabled=1
[Vulkan init] extensions: name=VK_EXT_mesh_shader, enabled=0
[Vulkan init] extensions: name=VK_EXT_multi_draw, enabled=0
[Vulkan init] extensions: name=VK_EXT_mutable_descriptor_type, enabled=0
[Vulkan init] extensions: name=VK_EXT_nested_command_buffer, enabled=0
[Vulkan init] extensions: name=VK_EXT_non_seamless_cube_map, enabled=0
[Vulkan init] extensions: name=VK_EXT_opacity_micromap, enabled=0
[Vulkan init] extensions: name=VK_EXT_pageable_device_local_memory, enabled=0
[Vulkan init] extensions: name=VK_EXT_pci_bus_info, enabled=0
[Vulkan init] extensions: name=VK_EXT_physical_device_drm, enabled=0
[Vulkan init] extensions: name=VK_EXT_pipeline_creation_cache_control, enabled=0
[Vulkan init] extensions: name=VK_EXT_pipeline_creation_feedback, enabled=0
[Vulkan init] extensions: name=VK_EXT_pipeline_library_group_handles, enabled=0
[Vulkan init] extensions: name=VK_EXT_pipeline_robustness, enabled=0
[Vulkan init] extensions: name=VK_EXT_post_depth_coverage, enabled=0
[Vulkan init] extensions: name=VK_EXT_present_mode_fifo_latest_ready, enabled=0
[Vulkan init] extensions: name=VK_EXT_primitive_topology_list_restart, enabled=0
[Vulkan init] extensions: name=VK_EXT_primitives_generated_query, enabled=0
[Vulkan init] extensions: name=VK_EXT_private_data, enabled=0
[Vulkan init] extensions: name=VK_EXT_provoking_vertex, enabled=0
[Vulkan init] extensions: name=VK_EXT_queue_family_foreign, enabled=0
[Vulkan init] extensions: name=VK_EXT_robustness2, enabled=0
[Vulkan init] extensions: name=VK_EXT_sample_locations, enabled=0
[Vulkan init] extensions: name=VK_EXT_sampler_filter_minmax, enabled=0
[Vulkan init] extensions: name=VK_EXT_scalar_block_layout, enabled=1
[Vulkan init] extensions: name=VK_EXT_separate_stencil_usage, enabled=0
[Vulkan init] extensions: name=VK_EXT_shader_atomic_float, enabled=0
[Vulkan init] extensions: name=VK_EXT_shader_demote_to_helper_invocation, enabled=0
[Vulkan init] extensions: name=VK_EXT_shader_image_atomic_int64, enabled=0
[Vulkan init] extensions: name=VK_EXT_shader_module_identifier, enabled=0
[Vulkan init] extensions: name=VK_EXT_shader_object, enabled=0
[Vulkan init] extensions: name=VK_EXT_shader_replicated_composites, enabled=0
[Vulkan init] extensions: name=VK_EXT_shader_subgroup_ballot, enabled=0
[Vulkan init] extensions: name=VK_EXT_shader_subgroup_vote, enabled=0
[Vulkan init] extensions: name=VK_EXT_shader_viewport_index_layer, enabled=1
[Vulkan init] extensions: name=VK_EXT_subgroup_size_control, enabled=0
[Vulkan init] extensions: name=VK_EXT_swapchain_maintenance1, enabled=0
[Vulkan init] extensions: name=VK_EXT_texel_buffer_alignment, enabled=0
[Vulkan init] extensions: name=VK_EXT_tooling_info, enabled=0
[Vulkan init] extensions: name=VK_EXT_transform_feedback, enabled=0
[Vulkan init] extensions: name=VK_EXT_vertex_attribute_divisor, enabled=0
[Vulkan init] extensions: name=VK_EXT_vertex_attribute_robustness, enabled=0
[Vulkan init] extensions: name=VK_EXT_vertex_input_dynamic_state, enabled=0
[Vulkan init] extensions: name=VK_EXT_ycbcr_2plane_444_formats, enabled=0
[Vulkan init] extensions: name=VK_EXT_ycbcr_image_arrays, enabled=0
[Vulkan init] extensions: name=VK_NV_clip_space_w_scaling, enabled=0
[Vulkan init] extensions: name=VK_NV_cluster_acceleration_structure, enabled=0
[Vulkan init] extensions: name=VK_NV_compute_shader_derivatives, enabled=0
[Vulkan init] extensions: name=VK_NV_cooperative_matrix, enabled=0
[Vulkan init] extensions: name=VK_NV_cooperative_matrix2, enabled=0
[Vulkan init] extensions: name=VK_NV_cooperative_vector, enabled=0
[Vulkan init] extensions: name=VK_NV_copy_memory_indirect, enabled=0
[Vulkan init] extensions: name=VK_NV_corner_sampled_image, enabled=0
[Vulkan init] extensions: name=VK_NV_coverage_reduction_mode, enabled=0
[Vulkan init] extensions: name=VK_NV_cuda_kernel_launch, enabled=0
[Vulkan init] extensions: name=VK_NV_dedicated_allocation, enabled=0
[Vulkan init] extensions: name=VK_NV_dedicated_allocation_image_aliasing, enabled=0
[Vulkan init] extensions: name=VK_NV_descriptor_pool_overallocation, enabled=0
[Vulkan init] extensions: name=VK_NV_device_diagnostic_checkpoints, enabled=0
[Vulkan init] extensions: name=VK_NV_device_diagnostics_config, enabled=0
[Vulkan init] extensions: name=VK_NV_device_generated_commands, enabled=0
[Vulkan init] extensions: name=VK_NV_device_generated_commands_compute, enabled=0
[Vulkan init] extensions: name=VK_NV_disk_cache_utils, enabled=0
[Vulkan init] extensions: name=VK_NV_extended_sparse_address_space, enabled=0
[Vulkan init] extensions: name=VK_NV_fill_rectangle, enabled=0
[Vulkan init] extensions: name=VK_NV_fragment_coverage_to_color, enabled=0
[Vulkan init] extensions: name=VK_NV_fragment_shader_barycentric, enabled=0
[Vulkan init] extensions: name=VK_NV_fragment_shading_rate_enums, enabled=0
[Vulkan init] extensions: name=VK_NV_framebuffer_mixed_samples, enabled=0
[Vulkan init] extensions: name=VK_NV_geometry_shader_passthrough, enabled=0
[Vulkan init] extensions: name=VK_NV_inherited_viewport_scissor, enabled=0
[Vulkan init] extensions: name=VK_NV_internal_nvpresent, enabled=0
[Vulkan init] extensions: name=VK_NV_linear_color_attachment, enabled=0
[Vulkan init] extensions: name=VK_NV_low_latency, enabled=0
[Vulkan init] extensions: name=VK_NV_low_latency2, enabled=0
[Vulkan init] extensions: name=VK_NV_memory_decompression, enabled=0
[Vulkan init] extensions: name=VK_NV_mesh_shader, enabled=0
[Vulkan init] extensions: name=VK_NV_optical_flow, enabled=0
[Vulkan init] extensions: name=VK_NV_partitioned_acceleration_structure, enabled=0
[Vulkan init] extensions: name=VK_NV_present_metering, enabled=0
[Vulkan init] extensions: name=VK_NV_raw_access_chains, enabled=0
[Vulkan init] extensions: name=VK_NV_ray_tracing, enabled=0
[Vulkan init] extensions: name=VK_NV_ray_tracing_invocation_reorder, enabled=0
[Vulkan init] extensions: name=VK_NV_ray_tracing_motion_blur, enabled=0
[Vulkan init] extensions: name=VK_NV_representative_fragment_test, enabled=0
[Vulkan init] extensions: name=VK_NV_sample_mask_override_coverage, enabled=0
[Vulkan init] extensions: name=VK_NV_scissor_exclusive, enabled=0
[Vulkan init] extensions: name=VK_NV_shader_atomic_float16_vector, enabled=0
[Vulkan init] extensions: name=VK_NV_shader_image_footprint, enabled=0
[Vulkan init] extensions: name=VK_NV_shader_sm_builtins, enabled=0
[Vulkan init] extensions: name=VK_NV_shader_subgroup_partitioned, enabled=0
[Vulkan init] extensions: name=VK_NV_shading_rate_image, enabled=0
[Vulkan init] extensions: name=VK_NV_viewport_array2, enabled=0
[Vulkan init] extensions: name=VK_NV_viewport_swizzle, enabled=0
[Vulkan init] extensions: name=VK_NVX_binary_import, enabled=0
[Vulkan init] extensions: name=VK_NVX_image_view_handle, enabled=0
[Vulkan init] extensions: name=VK_NVX_multiview_per_view_attributes, enabled=0
[Vulkan init] extensions: name=VK_AMD_buffer_marker, enabled=0
[Vulkan init] extensions: name=VK_GOOGLE_hlsl_functionality1, enabled=0
[Vulkan init] extensions: name=VK_GOOGLE_user_type, enabled=0
Vulkan API version 1.1.0 (1.4.312 supported by driver, 1.1.0 requested)
Vulkan vendor=[NVIDIA] id=[10de]
Vulkan renderer=[NVIDIA GeForce RTX 3060] id=[2504]
Vulkan device type 2
Vulkan driverversion=[0x911a4200] uint=[-1860550144]
Vulkan PSO: Cache data successfully loaded [size=3965601,path=/tmp/YARC/YARG/vulkan_pso_cache.bin]
Begin MonoManager ReloadAssembly
- Completed reload, in  0.067 seconds
requesting resize 3168 x 1782
Using native desktop resolution 3168 x 1782
requesting fullscreen 3168 x 1782 at 0 Hz
Desktop is 3168 x 1782 @ 165 Hz
InitializeOrResetSwapChain 3168x1782 hdr=0 samples=1
Disable old input system
[<a href="Assets/Script/Persistent/Logging/LogHandler.cs" line="68">LogHandler.cs:SetupLogHandler:68</a>] System Information:
CPU: Intel(R) Core(TM) i5-10400F CPU @ 2.90GHz (4001MHz 12 Cores)
RAM: 15850MB
GPU: NVIDIA GeForce RTX 3060 (VRAM: 12534MB, Version: Vulkan 1.1.0 [0x911a4200], Renderer: Vulkan)
OS: Linux 6.17 Arch Linux  64bit (Linux)
[<a href="Assets/Script/Helpers/PathHelper.cs" line="131">PathHelper.cs:FindSetlistPath:131</a>] Failed to find launcher settings file. Game is most likely running without the launcher.
UnloadTime: 0.591879 ms
Fallback handler could not load library /opt/yarg/YARG_Data/MonoBleedingEdge/x86_64/libdl
Fallback handler could not load library /opt/yarg/YARG_Data/MonoBleedingEdge/x86_64/libdl.so
Fallback handler could not load library /opt/yarg/YARG_Data/MonoBleedingEdge/x86_64/libdl.so
Fallback handler could not load library /opt/yarg/YARG_Data/MonoBleedingEdge/x86_64/libdl
Fallback handler could not load library /opt/yarg/YARG_Data/MonoBleedingEdge/x86_64/libdl
Fallback handler could not load library /opt/yarg/YARG_Data/MonoBleedingEdge/x86_64/libdl.so
Fallback handler could not load library /opt/yarg/YARG_Data/MonoBleedingEdge/x86_64/libdl.so
Fallback handler could not load library /opt/yarg/YARG_Data/MonoBleedingEdge/x86_64/libdl
[<a href="Assets/Script/Persistent/GlobalVariables.cs" line="56">GlobalVariables.cs:SingletonAwake:56</a>] YARG v0.13.0
[HIDrogen HidApiBackend.cs(160)] Error getting descriptor (EACCES)
[HIDrogen HidApiBackend.cs(160)] Error getting descriptor (EACCES)
[HIDrogen HidApiBackend.cs(160)] Error getting descriptor (EACCES)
[HIDrogen HidApiBackend.cs(160)] Error getting descriptor (EACCES)
[HIDrogen HidApiBackend.cs(160)] Error getting descriptor (EACCES)
[HIDrogen HidApiBackend.cs(160)] Error getting descriptor (EACCES)
[HIDrogen HidApiBackend.cs(160)] Error getting descriptor (EACCES)
[HIDrogen HidApiBackend.cs(160)] Error getting descriptor (EACCES)
[HIDrogen HidApiBackend.cs(160)] Error getting descriptor (EACCES)
[<a href="Assets/Script/Localization/LocalizationManager.cs" line="35">LocalizationManager.cs:Initialize:35</a>] Localization initialized with language `en-US`
[<a href="Assets/Script/Persistent/GlobalVariables.cs" line="88">GlobalVariables.cs:SingletonAwake:88</a>] Loaded 2 profiles
[<a href="Assets/Script/Persistent/GlobalVariables.cs" line="91">GlobalVariables.cs:SingletonAwake:91</a>] Saved 2 profiles
[<a href="Assets/Script/Audio/Bass/BassAudioManager.cs" line="101">BassAudioManager.cs:.ctor:101</a>] Initializing BASS...
[HIDrogen HidApiBackend.cs(160)] Error getting descriptor (EACCES)
[<a href="Assets/Script/Audio/Bass/BassAudioManager.cs" line="137">BassAudioManager.cs:.ctor:137</a>] Devices found: 19
[<a href="Assets/Script/Audio/Bass/BassAudioManager.cs" line="265">BassAudioManager.cs:LoadSfx:265</a>] Loading SFX
[<a href="Assets/Script/Audio/Bass/BassAudioManager.cs" line="282">BassAudioManager.cs:LoadSfx:282</a>] Loaded note_miss
[<a href="Assets/Script/Audio/Bass/BassAudioManager.cs" line="282">BassAudioManager.cs:LoadSfx:282</a>] Loaded starpower_award
[<a href="Assets/Script/Audio/Bass/BassAudioManager.cs" line="282">BassAudioManager.cs:LoadSfx:282</a>] Loaded starpower_gain
[<a href="Assets/Script/Audio/Bass/BassAudioManager.cs" line="282">BassAudioManager.cs:LoadSfx:282</a>] Loaded starpower_deploy
[<a href="Assets/Script/Audio/Bass/BassAudioManager.cs" line="282">BassAudioManager.cs:LoadSfx:282</a>] Loaded starpower_release
[<a href="Assets/Script/Audio/Bass/BassAudioManager.cs" line="282">BassAudioManager.cs:LoadSfx:282</a>] Loaded clap
[<a href="Assets/Script/Audio/Bass/BassAudioManager.cs" line="282">BassAudioManager.cs:LoadSfx:282</a>] Loaded star
[<a href="Assets/Script/Audio/Bass/BassAudioManager.cs" line="282">BassAudioManager.cs:LoadSfx:282</a>] Loaded star_gold
[<a href="Assets/Script/Audio/Bass/BassAudioManager.cs" line="282">BassAudioManager.cs:LoadSfx:282</a>] Loaded overstrum_1
[<a href="Assets/Script/Audio/Bass/BassAudioManager.cs" line="282">BassAudioManager.cs:LoadSfx:282</a>] Loaded overstrum_2
[<a href="Assets/Script/Audio/Bass/BassAudioManager.cs" line="282">BassAudioManager.cs:LoadSfx:282</a>] Loaded overstrum_3
[<a href="Assets/Script/Audio/Bass/BassAudioManager.cs" line="282">BassAudioManager.cs:LoadSfx:282</a>] Loaded overstrum_4
[<a href="Assets/Script/Audio/Bass/BassAudioManager.cs" line="289">BassAudioManager.cs:LoadSfx:289</a>] Finished loading SFX
[<a href="Assets/Script/Audio/Bass/BassAudioManager.cs" line="294">BassAudioManager.cs:LoadDrumSfx:294</a>] Loading Drum SFX
[<a href="Assets/Script/Audio/Bass/BassAudioManager.cs" line="317">BassAudioManager.cs:LoadDrumSfx:317</a>] Finished loading Drum SFX
[<a href="Assets/Script/Audio/Bass/BassAudioManager.cs" line="157">BassAudioManager.cs:.ctor:157</a>] BASS Successfully Initialized
[<a href="Assets/Script/Audio/Bass/BassAudioManager.cs" line="158">BassAudioManager.cs:.ctor:158</a>] BASS: 2.4.17.10 - BASS.FX: 2.4.12.12 - BASS.Mix: 2.4.12.0
[<a href="Assets/Script/Audio/Bass/BassAudioManager.cs" line="159">BassAudioManager.cs:.ctor:159</a>] Update Period: 5ms. Device Buffer Length: 20ms. Playback Buffer Length: 500ms. Device Playback Latency: 45ms
[<a href="Assets/Script/Audio/Bass/BassAudioManager.cs" line="161">BassAudioManager.cs:.ctor:161</a>] Current Device: Default
[<a href="Assets/Script/Localization/LocalizationManager.cs" line="67">LocalizationManager.cs:TryParseAndLoadLanguage:67</a>] Loading language `en-US`...
Couldn't parse HID descriptor with fast parser. Using fallback
requesting resize 3168 x 1782
Using native desktop resolution 3168 x 1782
requesting fullscreen 3168 x 1782 at 165 Hz
Desktop is 3168 x 1782 @ 165 Hz
InitializeOrResetSwapChain 3168x1782 hdr=0 samples=1
[<a href="Assets/Script/Song/SongSources.cs" line="282">SongSources.cs:DownloadSources:282</a>] Failed to download newest song source version.
System.Net.WebException: An exception occurred during a WebClient request. ---> System.UnauthorizedAccessException: Access to the path "/opt/yarg/YARG_Data/StreamingAssets/sources/update.zip" is denied.
  at System.IO.FileStream..ctor (System.String path, System.IO.FileMode mode, System.IO.FileAccess access, System.IO.FileShare share, System.Int32 bufferSize, System.Boolean anonymous, System.IO.FileOptions options) [0x0019e] in <54c1dce38bc04937bde6e2d7b67fd312>:0 
  at System.IO.FileStream..ctor (System.String path, System.IO.FileMode mode, System.IO.FileAccess access, System.IO.FileShare share, System.Int32 bufferSize, System.Boolean isAsync, System.Boolean anonymous) [0x00000] in <54c1dce38bc04937bde6e2d7b67fd312>:0 
  at System.IO.FileStream..ctor (System.String path, System.IO.FileMode mode, System.IO.FileAccess access) [0x00000] in <54c1dce38bc04937bde6e2d7b67fd312>:0 
  at (wrapper remoting-invoke-with-check) System.IO.FileStream..ctor(string,System.IO.FileMode,System.IO.FileAccess)
  at System.Net.WebClient.DownloadFile (System.Uri address, System.String fileName) [0x00022] in <7188aefa46c940efb60ceae1a2bf9525>:0 
   --- End of inner exception stack trace ---
  at System.Net.WebClient.DownloadFile (System.Uri address, System.String fileName) [0x00096] in <7188aefa46c940efb60ceae1a2bf9525>:0 
  at System.Net.WebClient.DownloadFile (System.String address, System.String fileName) [0x00008] in <7188aefa46c940efb60ceae1a2bf9525>:0 
  at (wrapper remoting-invoke-with-check) System.Net.WebClient.DownloadFile(string,string)
  at YARG.Song.SongSources+<>c__DisplayClass18_0.<DownloadSources>b__0 () [0x00000] in <f2c6fb31cf8344739f7b72399724d6b4>:0 
  at Cysharp.Threading.Tasks.UniTask.RunOnThreadPool (System.Action action, System.Boolean configureAwait, System.Threading.CancellationToken cancellationToken) [0x0009d] in <18f702ffffaa4795a8a7340751e5495b>:0 
  at Cysharp.Threading.Tasks.UniTask.RunOnThreadPool (System.Action action, System.Boolean configureAwait, System.Threading.CancellationToken cancellationToken) [0x0012f] in <18f702ffffaa4795a8a7340751e5495b>:0 
  at Cysharp.Threading.Tasks.CompilerServices.AsyncUniTask`1[TStateMachine].GetResult (System.Int16 token) [0x00000] in <18f702ffffaa4795a8a7340751e5495b>:0 
  at YARG.Song.SongSources.DownloadSources (YARG.LoadingContext context) [0x003c4] in <f2c6fb31cf8344739f7b72399724d6b4>:0 
[<a href="Assets/Script/Song/SongSources.cs" line="310">SongSources.cs:ReadSources:310</a>] Failed to read song source index.json for `extra`!
System.IO.DirectoryNotFoundException: Could not find a part of the path "/opt/yarg/YARG_Data/StreamingAssets/sources/OpenSource-master/extra/index.json".
  at System.IO.FileStream..ctor (System.String path, System.IO.FileMode mode, System.IO.FileAccess access, System.IO.FileShare share, System.Int32 bufferSize, System.Boolean anonymous, System.IO.FileOptions options) [0x00164] in <54c1dce38bc04937bde6e2d7b67fd312>:0 
  at System.IO.FileStream..ctor (System.String path, System.IO.FileMode mode, System.IO.FileAccess access, System.IO.FileShare share, System.Int32 bufferSize, System.IO.FileOptions options) [0x00000] in <54c1dce38bc04937bde6e2d7b67fd312>:0 
  at (wrapper remoting-invoke-with-check) System.IO.FileStream..ctor(string,System.IO.FileMode,System.IO.FileAccess,System.IO.FileShare,int,System.IO.FileOptions)
  at System.IO.StreamReader..ctor (System.String path, System.Text.Encoding encoding, System.Boolean detectEncodingFromByteOrderMarks, System.Int32 bufferSize) [0x00055] in <54c1dce38bc04937bde6e2d7b67fd312>:0 
  at System.IO.StreamReader..ctor (System.String path, System.Text.Encoding encoding, System.Boolean detectEncodingFromByteOrderMarks) [0x00000] in <54c1dce38bc04937bde6e2d7b67fd312>:0 
  at (wrapper remoting-invoke-with-check) System.IO.StreamReader..ctor(string,System.Text.Encoding,bool)
  at System.IO.File.InternalReadAllText (System.String path, System.Text.Encoding encoding) [0x00000] in <54c1dce38bc04937bde6e2d7b67fd312>:0 
  at System.IO.File.ReadAllText (System.String path) [0x0002c] in <54c1dce38bc04937bde6e2d7b67fd312>:0 
  at YARG.Song.SongSources.ReadIndexPath (System.String indexPath) [0x00000] in <f2c6fb31cf8344739f7b72399724d6b4>:0 
  at YARG.Song.SongSources.ReadSources () [0x00052] in <f2c6fb31cf8344739f7b72399724d6b4>:0 
[<a href="Assets/Script/Song/SongContainer.cs" line="150">SongContainer.cs:RunRefresh:150</a>] Scan time: 0.0931312s
[<a href="/home/runner/work/YARG-BleedingEdge/YARG-BleedingEdge/YARG.Core/YARG.Core/Song/Entries/Ini/SongEntry.UnpackedIni.cs" line="76">SongEntry.UnpackedIni.cs:LoadAudio:76</a>] Loaded 1 stems
[<a href="/home/runner/work/YARG-BleedingEdge/YARG-BleedingEdge/YARG.Core/YARG.Core/Song/Entries/Ini/SongEntry.UnpackedIni.cs" line="76">SongEntry.UnpackedIni.cs:LoadAudio:76</a>] Loaded 1 stems
[<a href="Assets/Script/Audio/Bass/BassAudioManager.cs" line="342">BassAudioManager.cs:DisposeUnmanagedResources:342</a>] Unloading BASS plugins
Vulkan PSO: data extracted [new size=3965601, old size=3965601, incomplete=0]
Vulkan PSO: Pipeline cache has not changed skipping save handle[29d26d80]
[<a href="Assets/Script/Persistent/Logging/LogHandler.cs" line="87">LogHandler.cs:ShutdownLogHandler:87</a>] Disabling Logging
Memory Statistics:
[ALLOC_TEMP_TLS] TLS Allocator
  StackAllocators : 
    [ALLOC_TEMP_MAIN]
      Peak usage frame count: [2.0 KB-4.0 KB]: 7467 frames, [4.0 KB-8.0 KB]: 198 frames, [8.0 KB-16.0 KB]: 5 frames, [32.0 KB-64.0 KB]: 3 frames, [2.0 MB-4.0 MB]: 1 frames
      Initial Block Size 4.0 MB
      Current Block Size 4.0 MB
      Peak Allocated Bytes 3.8 MB
      Overflow Count 0
    [ALLOC_TEMP_Loading.AsyncRead]
      Initial Block Size 64.0 KB
      Current Block Size 80.0 KB
      Peak Allocated Bytes 79.5 KB
      Overflow Count 0
    [ALLOC_TEMP_Loading.PreloadManager]
      Initial Block Size 256.0 KB
      Current Block Size 508.0 KB
      Peak Allocated Bytes 496.9 KB
      Overflow Count 39
    [ALLOC_TEMP_Vulkan Submission Thread]
      Initial Block Size 64.0 KB
      Current Block Size 64.0 KB
      Peak Allocated Bytes 4.0 KB
      Overflow Count 0
    [ALLOC_TEMP_Job.Worker 6]
      Initial Block Size 256.0 KB
      Current Block Size 256.0 KB
      Peak Allocated Bytes 57.1 KB
      Overflow Count 0
    [ALLOC_TEMP_Job.Worker 0]
      Initial Block Size 256.0 KB
      Current Block Size 256.0 KB
      Peak Allocated Bytes 57.1 KB
      Overflow Count 0
    [ALLOC_TEMP_Background Job.Worker 8]
      Initial Block Size 32.0 KB
      Current Block Size 32.0 KB
      Peak Allocated Bytes 0 B
      Overflow Count 0
    [ALLOC_TEMP_Background Job.Worker 9]
      Initial Block Size 32.0 KB
      Current Block Size 32.0 KB
      Peak Allocated Bytes 0 B
      Overflow Count 0
    [ALLOC_TEMP_Job.Worker 5]
      Initial Block Size 256.0 KB
      Current Block Size 256.0 KB
      Peak Allocated Bytes 57.1 KB
      Overflow Count 0
    [ALLOC_TEMP_Background Job.Worker 14]
      Initial Block Size 32.0 KB
      Current Block Size 32.0 KB
      Peak Allocated Bytes 0 B
      Overflow Count 0
    [ALLOC_TEMP_Background Job.Worker 6]
      Initial Block Size 32.0 KB
      Current Block Size 32.0 KB
      Peak Allocated Bytes 0 B
      Overflow Count 0
    [ALLOC_TEMP_Job.Worker 4]
      Initial Block Size 256.0 KB
      Current Block Size 256.0 KB
      Peak Allocated Bytes 57.1 KB
      Overflow Count 0
    [ALLOC_TEMP_Background Job.Worker 10]
      Initial Block Size 32.0 KB
      Current Block Size 32.0 KB
      Peak Allocated Bytes 0 B
      Overflow Count 0
    [ALLOC_TEMP_Job.Worker 3]
      Initial Block Size 256.0 KB
      Current Block Size 256.0 KB
      Peak Allocated Bytes 57.1 KB
      Overflow Count 0
    [ALLOC_TEMP_Background Job.Worker 12]
      Initial Block Size 32.0 KB
      Current Block Size 32.0 KB
      Peak Allocated Bytes 0 B
      Overflow Count 0
    [ALLOC_TEMP_EnlightenWorker] x 6
      Initial Block Size 64.0 KB
      Current Block Size 64.0 KB
      Peak Allocated Bytes 0 B
      Overflow Count 0
    [ALLOC_TEMP_Background Job.Worker 15]
      Initial Block Size 32.0 KB
      Current Block Size 32.0 KB
      Peak Allocated Bytes 0 B
      Overflow Count 0
    [ALLOC_TEMP_Background Job.Worker 1]
      Initial Block Size 32.0 KB
      Current Block Size 36.0 KB
      Peak Allocated Bytes 32.0 KB
      Overflow Count 0
    [ALLOC_TEMP_Background Job.Worker 2]
      Initial Block Size 32.0 KB
      Current Block Size 32.0 KB
      Peak Allocated Bytes 0 B
      Overflow Count 0
    [ALLOC_TEMP_Background Job.Worker 7]
      Initial Block Size 32.0 KB
      Current Block Size 32.0 KB
      Peak Allocated Bytes 0 B
      Overflow Count 0
    [ALLOC_TEMP_UnityGfxDeviceWorker]
      Initial Block Size 256.0 KB
      Current Block Size 256.0 KB
      Peak Allocated Bytes 19.4 KB
      Overflow Count 0
    [ALLOC_TEMP_AssetGarbageCollectorHelper] x 11
      Initial Block Size 64.0 KB
      Current Block Size 64.0 KB
      Peak Allocated Bytes 0 B
      Overflow Count 0
    [ALLOC_TEMP_Background Job.Worker 5]
      Initial Block Size 32.0 KB
      Current Block Size 32.0 KB
      Peak Allocated Bytes 0 B
      Overflow Count 0
    [ALLOC_TEMP_Job.Worker 9]
      Initial Block Size 256.0 KB
      Current Block Size 256.0 KB
      Peak Allocated Bytes 57.1 KB
      Overflow Count 0
    [ALLOC_TEMP_Background Job.Worker 13]
      Initial Block Size 32.0 KB
      Current Block Size 32.0 KB
      Peak Allocated Bytes 0 B
      Overflow Count 0
    [ALLOC_TEMP_Job.Worker 8]
      Initial Block Size 256.0 KB
      Current Block Size 256.0 KB
      Peak Allocated Bytes 57.1 KB
      Overflow Count 0
    [ALLOC_TEMP_Job.Worker 7]
      Initial Block Size 256.0 KB
      Current Block Size 256.0 KB
      Peak Allocated Bytes 57.1 KB
      Overflow Count 0
    [ALLOC_TEMP_Job.Worker 1]
      Initial Block Size 256.0 KB
      Current Block Size 256.0 KB
      Peak Allocated Bytes 57.1 KB
      Overflow Count 0
    [ALLOC_TEMP_Job.Worker 2]
      Initial Block Size 256.0 KB
      Current Block Size 256.0 KB
      Peak Allocated Bytes 57.1 KB
      Overflow Count 0
    [ALLOC_TEMP_Background Job.Worker 3]
      Initial Block Size 32.0 KB
      Current Block Size 32.0 KB
      Peak Allocated Bytes 0 B
      Overflow Count 0
    [ALLOC_TEMP_Background Job.Worker 11]
      Initial Block Size 32.0 KB
      Current Block Size 32.0 KB
      Peak Allocated Bytes 0 B
      Overflow Count 0
    [ALLOC_TEMP_Job.Worker 10]
      Initial Block Size 256.0 KB
      Current Block Size 256.0 KB
      Peak Allocated Bytes 57.1 KB
      Overflow Count 0
    [ALLOC_TEMP_Background Job.Worker 0]
      Initial Block Size 32.0 KB
      Current Block Size 36.0 KB
      Peak Allocated Bytes 32.0 KB
      Overflow Count 0
    [ALLOC_TEMP_Background Job.Worker 4]
      Initial Block Size 32.0 KB
      Current Block Size 32.0 KB
      Peak Allocated Bytes 0 B
      Overflow Count 0
    [ALLOC_TEMP_BatchDeleteObjects]
      Initial Block Size 64.0 KB
      Current Block Size 64.0 KB
      Peak Allocated Bytes 0 B
      Overflow Count 0
[ALLOC_DEFAULT] Dual Thread Allocator
  Peak main deferred allocation count 3360
    [ALLOC_BUCKET]
      Large Block size 4.0 MB
      Used Block count 1
      Peak Allocated bytes 4.0 MB
      Failed Allocations. Bucket layout:
        16B: 4 Subsections = 4096 buckets. Failed count: 626211
        32B: 30 Subsections = 15360 buckets. Failed count: 41570
        48B: 39 Subsections = 13312 buckets. Failed count: 262980
        64B: 51 Subsections = 13056 buckets. Failed count: 54253
        80B: 20 Subsections = 4096 buckets. Failed count: 218283
        96B: 8 Subsections = 1365 buckets. Failed count: 5581
        112B: 100 Subsections = 14628 buckets. Failed count: 101260
        128B: 4 Subsections = 512 buckets. Failed count: 7493
    [ALLOC_DEFAULT_MAIN]
      Peak usage frame count: [16.0 MB-32.0 MB]: 7674 frames
      Requested Block Size 16.0 MB
      Peak Block count 2
      Peak Allocated memory 30.1 MB
      Peak Large allocation bytes 0 B
    [ALLOC_DEFAULT_THREAD]
      Peak usage frame count: [16.0 MB-32.0 MB]: 7674 frames
      Requested Block Size 16.0 MB
      Peak Block count 1
      Peak Allocated memory 22.1 MB
      Peak Large allocation bytes 16.0 MB
[ALLOC_TEMP_JOB_1_FRAME]
  Initial Block Size 2.0 MB
  Used Block Count 1
  Overflow Count (too large) 0
  Overflow Count (full) 0
[ALLOC_TEMP_JOB_2_FRAMES]
  Initial Block Size 2.0 MB
  Used Block Count 1
  Overflow Count (too large) 0
  Overflow Count (full) 0
[ALLOC_TEMP_JOB_4_FRAMES (JobTemp)]
  Initial Block Size 2.0 MB
  Used Block Count 2
  Overflow Count (too large) 0
  Overflow Count (full) 0
[ALLOC_TEMP_JOB_ASYNC (Background)]
  Initial Block Size 1.0 MB
  Used Block Count 4
  Overflow Count (too large) 0
  Overflow Count (full) 0
[ALLOC_GFX] Dual Thread Allocator
  Peak main deferred allocation count 3
    [ALLOC_BUCKET]
      Large Block size 4.0 MB
      Used Block count 1
      Peak Allocated bytes 4.0 MB
      Failed Allocations. Bucket layout:
        16B: 4 Subsections = 4096 buckets. Failed count: 626211
        32B: 30 Subsections = 15360 buckets. Failed count: 41570
        48B: 39 Subsections = 13312 buckets. Failed count: 262980
        64B: 51 Subsections = 13056 buckets. Failed count: 54253
        80B: 20 Subsections = 4096 buckets. Failed count: 218283
        96B: 8 Subsections = 1365 buckets. Failed count: 5581
        112B: 100 Subsections = 14628 buckets. Failed count: 101260
        128B: 4 Subsections = 512 buckets. Failed count: 7493
    [ALLOC_GFX_MAIN]
      Peak usage frame count: [0.5 MB-1.0 MB]: 2982 frames, [1.0 MB-2.0 MB]: 4691 frames, [2.0 MB-4.0 MB]: 1 frames
      Requested Block Size 16.0 MB
      Peak Block count 1
      Peak Allocated memory 2.7 MB
      Peak Large allocation bytes 0 B
    [ALLOC_GFX_THREAD]
      Peak usage frame count: [256.0 KB-0.5 MB]: 7673 frames, [0.5 MB-1.0 MB]: 1 frames
      Requested Block Size 16.0 MB
      Peak Block count 1
      Peak Allocated memory 0.6 MB
      Peak Large allocation bytes 0 B
[ALLOC_CACHEOBJECTS] Dual Thread Allocator
  Peak main deferred allocation count 18
    [ALLOC_BUCKET]
      Large Block size 4.0 MB
      Used Block count 1
      Peak Allocated bytes 4.0 MB
      Failed Allocations. Bucket layout:
        16B: 4 Subsections = 4096 buckets. Failed count: 626211
        32B: 30 Subsections = 15360 buckets. Failed count: 41570
        48B: 39 Subsections = 13312 buckets. Failed count: 262980
        64B: 51 Subsections = 13056 buckets. Failed count: 54253
        80B: 20 Subsections = 4096 buckets. Failed count: 218283
        96B: 8 Subsections = 1365 buckets. Failed count: 5581
        112B: 100 Subsections = 14628 buckets. Failed count: 101260
        128B: 4 Subsections = 512 buckets. Failed count: 7493
    [ALLOC_CACHEOBJECTS_MAIN]
      Peak usage frame count: [8.0 MB-16.0 MB]: 7674 frames
      Requested Block Size 4.0 MB
      Peak Block count 3
      Peak Allocated memory 12.3 MB
      Peak Large allocation bytes 3.9 MB
    [ALLOC_CACHEOBJECTS_THREAD]
      Peak usage frame count: [32.0 MB-64.0 MB]: 7674 frames
      Requested Block Size 4.0 MB
      Peak Block count 5
      Peak Allocated memory 39.4 MB
      Peak Large allocation bytes 21.9 MB
[ALLOC_TYPETREE] Dual Thread Allocator
  Peak main deferred allocation count 0
    [ALLOC_BUCKET]
      Large Block size 4.0 MB
      Used Block count 1
      Peak Allocated bytes 4.0 MB
      Failed Allocations. Bucket layout:
        16B: 4 Subsections = 4096 buckets. Failed count: 626211
        32B: 30 Subsections = 15360 buckets. Failed count: 41570
        48B: 39 Subsections = 13312 buckets. Failed count: 262980
        64B: 51 Subsections = 13056 buckets. Failed count: 54253
        80B: 20 Subsections = 4096 buckets. Failed count: 218283
        96B: 8 Subsections = 1365 buckets. Failed count: 5581
        112B: 100 Subsections = 14628 buckets. Failed count: 101260
        128B: 4 Subsections = 512 buckets. Failed count: 7493
    [ALLOC_TYPETREE_MAIN]
      Peak usage frame count: [4.0 KB-8.0 KB]: 7672 frames, [8.0 KB-16.0 KB]: 2 frames
      Requested Block Size 2.0 MB
      Peak Block count 1
      Peak Allocated memory 10.6 KB
      Peak Large allocation bytes 0 B
    [ALLOC_TYPETREE_THREAD]
      Peak usage frame count: [1.0 MB-2.0 MB]: 7674 frames
      Requested Block Size 2.0 MB
      Peak Block count 1
      Peak Allocated memory 1.2 MB
      Peak Large allocation bytes 0 B
